Archive member included to satisfy reference by file (symbol)

c:/intelfpga_lite/18.1/nios2eds/bin/gnu/h-x86_64-mingw32/bin/../lib/gcc/nios2-elf/5.3.0/mno-hw-mul\libgcc.a(lib2-mul.o)
                              obj/default/Drone.o (__mulsi3)
c:/intelfpga_lite/18.1/nios2eds/bin/gnu/h-x86_64-mingw32/bin/../lib/gcc/nios2-elf/5.3.0/../../../../../H-x86_64-mingw32/nios2-elf/lib/mno-hw-mul\libsmallc.a(lib_a-printf.o)
                              obj/default/Drone.o (printf)
c:/intelfpga_lite/18.1/nios2eds/bin/gnu/h-x86_64-mingw32/bin/../lib/gcc/nios2-elf/5.3.0/../../../../../H-x86_64-mingw32/nios2-elf/lib/mno-hw-mul\libsmallc.a(lib_a-puts.o)
                              obj/default/Drone.o (puts)
c:/intelfpga_lite/18.1/nios2eds/bin/gnu/h-x86_64-mingw32/bin/../lib/gcc/nios2-elf/5.3.0/../../../../../H-x86_64-mingw32/nios2-elf/lib/mno-hw-mul\libsmallc.a(lib_a-strlen.o)
                              c:/intelfpga_lite/18.1/nios2eds/bin/gnu/h-x86_64-mingw32/bin/../lib/gcc/nios2-elf/5.3.0/../../../../../H-x86_64-mingw32/nios2-elf/lib/mno-hw-mul\libsmallc.a(lib_a-puts.o) (strlen)
c:/intelfpga_lite/18.1/nios2eds/bin/gnu/h-x86_64-mingw32/bin/../lib/gcc/nios2-elf/5.3.0/../../../../../H-x86_64-mingw32/nios2-elf/lib/mno-hw-mul\libsmallc.a(lib_a-vfprintf.o)
                              c:/intelfpga_lite/18.1/nios2eds/bin/gnu/h-x86_64-mingw32/bin/../lib/gcc/nios2-elf/5.3.0/../../../../../H-x86_64-mingw32/nios2-elf/lib/mno-hw-mul\libsmallc.a(lib_a-printf.o) (___vfprintf_internal_r)
c:/intelfpga_lite/18.1/nios2eds/bin/gnu/h-x86_64-mingw32/bin/../lib/gcc/nios2-elf/5.3.0/../../../../../H-x86_64-mingw32/nios2-elf/lib/mno-hw-mul\libsmallc.a(lib_a-fvwrite_small_dev.o)
                              c:/intelfpga_lite/18.1/nios2eds/bin/gnu/h-x86_64-mingw32/bin/../lib/gcc/nios2-elf/5.3.0/../../../../../H-x86_64-mingw32/nios2-elf/lib/mno-hw-mul\libsmallc.a(lib_a-printf.o) (__sfvwrite_small_dev)
c:/intelfpga_lite/18.1/nios2eds/bin/gnu/h-x86_64-mingw32/bin/../lib/gcc/nios2-elf/5.3.0/../../../../../H-x86_64-mingw32/nios2-elf/lib/mno-hw-mul\libsmallc.a(lib_a-impure.o)
                              c:/intelfpga_lite/18.1/nios2eds/bin/gnu/h-x86_64-mingw32/bin/../lib/gcc/nios2-elf/5.3.0/../../../../../H-x86_64-mingw32/nios2-elf/lib/mno-hw-mul\libsmallc.a(lib_a-printf.o) (_impure_ptr)
c:/intelfpga_lite/18.1/nios2eds/bin/gnu/h-x86_64-mingw32/bin/../lib/gcc/nios2-elf/5.3.0/../../../../../H-x86_64-mingw32/nios2-elf/lib/mno-hw-mul\libsmallc.a(lib_a-writer.o)
                              c:/intelfpga_lite/18.1/nios2eds/bin/gnu/h-x86_64-mingw32/bin/../lib/gcc/nios2-elf/5.3.0/../../../../../H-x86_64-mingw32/nios2-elf/lib/mno-hw-mul\libsmallc.a(lib_a-fvwrite_small_dev.o) (_write_r)
c:/intelfpga_lite/18.1/nios2eds/bin/gnu/h-x86_64-mingw32/bin/../lib/gcc/nios2-elf/5.3.0/../../../../../H-x86_64-mingw32/nios2-elf/lib/mno-hw-mul\libsmallc.a(lib_a-int_errno.o)
                              c:/intelfpga_lite/18.1/nios2eds/bin/gnu/h-x86_64-mingw32/bin/../lib/gcc/nios2-elf/5.3.0/../../../../../H-x86_64-mingw32/nios2-elf/lib/mno-hw-mul\libsmallc.a(lib_a-writer.o) (errno)
c:/intelfpga_lite/18.1/nios2eds/bin/gnu/h-x86_64-mingw32/bin/../lib/gcc/nios2-elf/5.3.0/mno-hw-mul\libgcc.a(lib2-divmod.o)
                              c:/intelfpga_lite/18.1/nios2eds/bin/gnu/h-x86_64-mingw32/bin/../lib/gcc/nios2-elf/5.3.0/../../../../../H-x86_64-mingw32/nios2-elf/lib/mno-hw-mul\libsmallc.a(lib_a-vfprintf.o) (__udivsi3)
../DroneSoftware_bsp/\libhal_bsp.a(alt_load.o)
                              ../DroneSoftware_bsp//obj/HAL/src/crt0.o (alt_load)
../DroneSoftware_bsp/\libhal_bsp.a(alt_main.o)
                              ../DroneSoftware_bsp//obj/HAL/src/crt0.o (alt_main)
../DroneSoftware_bsp/\libhal_bsp.a(alt_usleep.o)
                              obj/default/Drone.o (usleep)
../DroneSoftware_bsp/\libhal_bsp.a(alt_write.o)
                              c:/intelfpga_lite/18.1/nios2eds/bin/gnu/h-x86_64-mingw32/bin/../lib/gcc/nios2-elf/5.3.0/../../../../../H-x86_64-mingw32/nios2-elf/lib/mno-hw-mul\libsmallc.a(lib_a-writer.o) (write)
../DroneSoftware_bsp/\libhal_bsp.a(alt_sys_init.o)
                              ../DroneSoftware_bsp/\libhal_bsp.a(alt_main.o) (alt_irq_init)
../DroneSoftware_bsp/\libhal_bsp.a(altera_avalon_jtag_uart_fd.o)
                              ../DroneSoftware_bsp/\libhal_bsp.a(alt_sys_init.o) (altera_avalon_jtag_uart_read_fd)
../DroneSoftware_bsp/\libhal_bsp.a(altera_avalon_jtag_uart_init.o)
                              ../DroneSoftware_bsp/\libhal_bsp.a(alt_sys_init.o) (altera_avalon_jtag_uart_init)
../DroneSoftware_bsp/\libhal_bsp.a(altera_avalon_jtag_uart_ioctl.o)
                              ../DroneSoftware_bsp/\libhal_bsp.a(altera_avalon_jtag_uart_fd.o) (altera_avalon_jtag_uart_ioctl)
../DroneSoftware_bsp/\libhal_bsp.a(altera_avalon_jtag_uart_read.o)
                              ../DroneSoftware_bsp/\libhal_bsp.a(altera_avalon_jtag_uart_fd.o) (altera_avalon_jtag_uart_read)
../DroneSoftware_bsp/\libhal_bsp.a(altera_avalon_jtag_uart_write.o)
[...]
Memory Configuration

Name             Origin             Length             Attributes
reset            0x0000000000008000 0x0000000000000020
RAM              0x0000000000008020 0x0000000000007fe0
*default*        0x0000000000000000 0xffffffffffffffff

Linker script and memory map

LOAD ../DroneSoftware_bsp//obj/HAL/src/crt0.o
LOAD obj/default/Drivers/Com_bus.o
LOAD obj/default/Drone.o
LOAD c:/intelfpga_lite/18.1/nios2eds/bin/gnu/h-x86_64-mingw32/bin/../lib/gcc/nios2-elf/5.3.0/../../../../../H-x86_64-mingw32/nios2-elf/lib/mno-hw-mul\libstdc++.a
LOAD c:/intelfpga_lite/18.1/nios2eds/bin/gnu/h-x86_64-mingw32/bin/../lib/gcc/nios2-elf/5.3.0/../../../../../H-x86_64-mingw32/nios2-elf/lib/mno-hw-mul\libm.a
LOAD c:/intelfpga_lite/18.1/nios2eds/bin/gnu/h-x86_64-mingw32/bin/../lib/gcc/nios2-elf/5.3.0/mno-hw-mul\libgcc.a
START GROUP
LOAD c:/intelfpga_lite/18.1/nios2eds/bin/gnu/h-x86_64-mingw32/bin/../lib/gcc/nios2-elf/5.3.0/../../../../../H-x86_64-mingw32/nios2-elf/lib/mno-hw-mul\libsmallc.a
LOAD c:/intelfpga_lite/18.1/nios2eds/bin/gnu/h-x86_64-mingw32/bin/../lib/gcc/nios2-elf/5.3.0/mno-hw-mul\libgcc.a
LOAD ../DroneSoftware_bsp/\libhal_bsp.a
LOAD c:/intelfpga_lite/18.1/nios2eds/bin/gnu/h-x86_64-mingw32/bin/../lib/gcc/nios2-elf/5.3.0/../../../../../H-x86_64-mingw32/nios2-elf/lib/mno-hw-mul\libm.a
END GROUP
LOAD c:/intelfpga_lite/18.1/nios2eds/bin/gnu/h-x86_64-mingw32/bin/../lib/gcc/nios2-elf/5.3.0/mno-hw-mul\libgcc.a
                0x0000000000008000                __alt_mem_RAM = 0x8000

.entry          0x0000000000008000       0x20
 *(.entry)
 .entry         0x0000000000008000       0x20 ../DroneSoftware_bsp//obj/HAL/src/crt0.o
                0x0000000000008000                __reset

.exceptions     0x0000000000008020      0x210
                0x0000000000008020                PROVIDE (__ram_exceptions_start, ABSOLUTE (.))
                0x0000000000008020                . = ALIGN (0x20)
 *(.irq)
 *(.exceptions.entry.label)
 .exceptions.entry.label
                0x0000000000008020        0x0 ../DroneSoftware_bsp/\libhal_bsp.a(alt_irq_entry.o)
                0x0000000000008020                alt_irq_entry
 .exceptions.entry.label
                0x0000000000008020        0x0 ../DroneSoftware_bsp/\libhal_bsp.a(alt_exception_entry.o)
                0x0000000000008020                alt_exception
 *(.exceptions.entry.user)
 *(.exceptions.entry.ecc_fatal)
 *(.exceptions.entry)
 .exceptions.entry
                0x0000000000008020       0x54 ../DroneSoftware_bsp/\libhal_bsp.a(alt_exception_entry.o)
 *(.exceptions.irqtest.user)
 *(.exceptions.irqtest)
 .exceptions.irqtest
                0x0000000000008074       0x10 ../DroneSoftware_bsp/\libhal_bsp.a(alt_irq_entry.o)
 *(.exceptions.irqhandler.user)
 *(.exceptions.irqhandler)
 .exceptions.irqhandler
                0x0000000000008084        0x4 ../DroneSoftware_bsp/\libhal_bsp.a(alt_irq_entry.o)
 *(.exceptions.irqreturn.user)
 *(.exceptions.irqreturn)
 .exceptions.irqreturn
                0x0000000000008088        0x4 ../DroneSoftware_bsp/\libhal_bsp.a(alt_irq_entry.o)
 *(.exceptions.notirq.label)
 .exceptions.notirq.label
                0x000000000000808c        0x0 ../DroneSoftware_bsp/\libhal_bsp.a(alt_irq_entry.o)
 *(.exceptions.notirq.user)
 *(.exceptions.notirq)
 .exceptions.notirq
                0x000000000000808c        0x8 ../DroneSoftware_bsp/\libhal_bsp.a(alt_exception_entry.o)
 *(.exceptions.soft.user)
 *(.exceptions.soft)
 *(.exceptions.unknown.user)
 *(.exceptions.unknown)
 .exceptions.unknown
                0x0000000000008094       0x14 ../DroneSoftware_bsp/\libhal_bsp.a(alt_exception_entry.o)
 *(.exceptions.exit.label)
 .exceptions.exit.label
                0x00000000000080a8        0x0 ../DroneSoftware_bsp/\libhal_bsp.a(alt_irq_entry.o)
 .exceptions.exit.label
                0x00000000000080a8        0x0 ../DroneSoftware_bsp/\libhal_bsp.a(alt_exception_entry.o)
 *(.exceptions.exit.user)
 *(.exceptions.exit)
 .exceptions.exit
                0x00000000000080a8       0x54 ../DroneSoftware_bsp/\libhal_bsp.a(alt_exception_entry.o)
 *(.exceptions)
 .exceptions    0x00000000000080fc       0xd4 ../DroneSoftware_bsp/\libhal_bsp.a(alt_irq_handler.o)
                0x00000000000080fc                alt_irq_handler
 .exceptions    0x00000000000081d0       0x60 ../DroneSoftware_bsp/\libhal_bsp.a(alt_instruction_exception_entry.o)
                0x00000000000081d0                alt_instruction_exception_entry
                0x0000000000008230                PROVIDE (__ram_exceptions_end, ABSOLUTE (.))
                0x0000000000008020                PROVIDE (__flash_exceptions_start, LOADADDR (.exceptions))

.text           0x0000000000008230     0x2e28
                [!provide]                        PROVIDE (stext, ABSOLUTE (.))
 *(.interp)
 *(.hash)
 *(.dynsym)
 *(.dynstr)
 *(.gnu.version)
 *(.gnu.version_d)
 *(.gnu.version_r)
 *(.rel.init)
 *(.rela.init)
 *(.rel.text .rel.text.* .rel.gnu.linkonce.t.*)
 *(.rela.text .rela.text.* .rela.gnu.linkonce.t.*)
 *(.rel.fini)
 *(.rela.fini)
 *(.rel.rodata .rel.rodata.* .rel.gnu.linkonce.r.*)
 *(.rela.rodata .rela.rodata.* .rela.gnu.linkonce.r.*)
 *(.rel.data .rel.data.* .rel.gnu.linkonce.d.*)
 *(.rela.data .rela.data.* .rela.gnu.linkonce.d.*)
 *(.rel.tdata .rel.tdata.* .rel.gnu.linkonce.td.*)
 *(.rela.tdata .rela.tdata.* .rela.gnu.linkonce.td.*)
 *(.rel.tbss .rel.tbss.* .rel.gnu.linkonce.tb.*)
 *(.rela.tbss .rela.tbss.* .rela.gnu.linkonce.tb.*)
 *(.rel.ctors)
 *(.rela.ctors)
 *(.rel.dtors)
 *(.rela.dtors)
 *(.rel.got)
 *(.rela.got)
 *(.rel.sdata .rel.sdata.* .rel.gnu.linkonce.s.*)
 *(.rela.sdata .rela.sdata.* .rela.gnu.linkonce.s.*)
 *(.rel.sbss .rel.sbss.* .rel.gnu.linkonce.sb.*)
 *(.rela.sbss .rela.sbss.* .rela.gnu.linkonce.sb.*)
 *(.rel.sdata2 .rel.sdata2.* .rel.gnu.linkonce.s2.*)
 *(.rela.sdata2 .rela.sdata2.* .rela.gnu.linkonce.s2.*)
 *(.rel.sbss2 .rel.sbss2.* .rel.gnu.linkonce.sb2.*)
 *(.rela.sbss2 .rela.sbss2.* .rela.gnu.linkonce.sb2.*)
 *(.rel.bss .rel.bss.* .rel.gnu.linkonce.b.*)
 *(.rela.bss .rela.bss.* .rela.gnu.linkonce.b.*)
 *(.rel.plt)
 *(.rela.plt)
 *(.rel.dyn)
 *(.init)
 *(.plt)
 *(.text .stub .text.* .gnu.linkonce.t.*)
 .text          0x0000000000008230       0x3c ../DroneSoftware_bsp//obj/HAL/src/crt0.o
                0x0000000000008230                _start
 .text          0x000000000000826c       0x90 obj/default/Drivers/Com_bus.o
                0x000000000000826c                com_bus_write
                0x00000000000082a0                com_bus_read
                0x00000000000082cc                com_bus_write_read
 .text          0x00000000000082fc      0x2b8 obj/default/Drone.o
                0x00000000000082fc                msleep
                0x000000000000833c                secondssleep
                0x0000000000008380                main
 .text          0x00000000000085b4       0x28 c:/intelfpga_lite/18.1/nios2eds/bin/gnu/h-x86_64-mingw32/bin/../lib/gcc/nios2-elf/5.3.0/mno-hw-mul\libgcc.a(lib2-mul.o)
                0x00000000000085b4                __mulsi3
 .text          0x00000000000085dc        0x0 c:/intelfpga_lite/18.1/nios2eds/bin/gnu/h-x86_64-mingw32/bin/../lib/gcc/nios2-elf/5.3.0/../../../../../H-x86_64-mingw32/nios2-elf/lib/mno-hw-mul\libsmallc.a(lib_a-printf.o)
 .text._printf_r
                0x00000000000085dc       0x3c c:/intelfpga_lite/18.1/nios2eds/bin/gnu/h-x86_64-mingw32/bin/../lib/gcc/nios2-elf/5.3.0/../../../../../H-x86_64-mingw32/nios2-elf/lib/mno-hw-mul\libsmallc.a(lib_a-printf.o)
                0x00000000000085dc                _printf_r
 .text.printf   0x0000000000008618       0x4c c:/intelfpga_lite/18.1/nios2eds/bin/gnu/h-x86_64-mingw32/bin/../lib/gcc/nios2-elf/5.3.0/../../../../../H-x86_64-mingw32/nios2-elf/lib/mno-hw-mul\libsmallc.a(lib_a-printf.o)
                0x0000000000008618                printf
 .text          0x0000000000008664        0x0 c:/intelfpga_lite/18.1/nios2eds/bin/gnu/h-x86_64-mingw32/bin/../lib/gcc/nios2-elf/5.3.0/../../../../../H-x86_64-mingw32/nios2-elf/lib/mno-hw-mul\libsmallc.a(lib_a-puts.o)
 .text._puts_r  0x0000000000008664       0x80 c:/intelfpga_lite/18.1/nios2eds/bin/gnu/h-x86_64-mingw32/bin/../lib/gcc/nios2-elf/5.3.0/../../../../../H-x86_64-mingw32/nios2-elf/lib/mno-hw-mul\libsmallc.a(lib_a-puts.o)
                0x0000000000008664                _puts_r
 .text.puts     0x00000000000086e4       0x14 c:/intelfpga_lite/18.1/nios2eds/bin/gnu/h-x86_64-mingw32/bin/../lib/gcc/nios2-elf/5.3.0/../../../../../H-x86_64-mingw32/nios2-elf/lib/mno-hw-mul\libsmallc.a(lib_a-puts.o)
                0x00000000000086e4                puts
 .text          0x00000000000086f8        0x0 c:/intelfpga_lite/18.1/nios2eds/bin/gnu/h-x86_64-mingw32/bin/../lib/gcc/nios2-elf/5.3.0/../../../../../H-x86_64-mingw32/nios2-elf/lib/mno-hw-mul\libsmallc.a(lib_a-strlen.o)
 .text.strlen   0x00000000000086f8       0x1c c:/intelfpga_lite/18.1/nios2eds/bin/gnu/h-x86_64-mingw32/bin/../lib/gcc/nios2-elf/5.3.0/../../../../../H-x86_64-mingw32/nios2-elf/lib/mno-hw-mul\libsmallc.a(lib_a-strlen.o)
                0x00000000000086f8                strlen
 .text          0x0000000000008714        0x0 c:/intelfpga_lite/18.1/nios2eds/bin/gnu/h-x86_64-mingw32/bin/../lib/gcc/nios2-elf/5.3.0/../../../../../H-x86_64-mingw32/nios2-elf/lib/mno-hw-mul\libsmallc.a(lib_a-vfprintf.o)
 .text.print_repeat
                0x0000000000008714       0x6c c:/intelfpga_lite/18.1/nios2eds/bin/gnu/h-x86_64-mingw32/bin/../lib/gcc/nios2-elf/5.3.0/../../../../../H-x86_64-mingw32/nios2-elf/lib/mno-hw-mul\libsmallc.a(lib_a-vfprintf.o)
 .text.___vfprintf_internal_r
                0x0000000000008780      0x52c c:/intelfpga_lite/18.1/nios2eds/bin/gnu/h-x86_64-mingw32/bin/../lib/gcc/nios2-elf/5.3.0/../../../../../H-x86_64-mingw32/nios2-elf/lib/mno-hw-mul\libsmallc.a(lib_a-vfprintf.o)
                0x0000000000008780                ___vfprintf_internal_r
 .text.__vfprintf_internal
                0x0000000000008cac       0x1c c:/intelfpga_lite/18.1/nios2eds/bin/gnu/h-x86_64-mingw32/bin/../lib/gcc/nios2-elf/5.3.0/../../../../../H-x86_64-mingw32/nios2-elf/lib/mno-hw-mul\libsmallc.a(lib_a-vfprintf.o)
                0x0000000000008cac                __vfprintf_internal
 .text          0x0000000000008cc8        0x0 c:/intelfpga_lite/18.1/nios2eds/bin/gnu/h-x86_64-mingw32/bin/../lib/gcc/nios2-elf/5.3.0/../../../../../H-x86_64-mingw32/nios2-elf/lib/mno-hw-mul\libsmallc.a(lib_a-fvwrite_small_dev.o)
 .text.__sfvwrite_small_dev
                0x0000000000008cc8       0xb8 c:/intelfpga_lite/18.1/nios2eds/bin/gnu/h-x86_64-mingw32/bin/../lib/gcc/nios2-elf/5.3.0/../../../../../H-x86_64-mingw32/nios2-elf/lib/mno-hw-mul\libsmallc.a(lib_a-fvwrite_small_dev.o)
                0x0000000000008cc8                __sfvwrite_small_dev
 .text          0x0000000000008d80        0x0 c:/intelfpga_lite/18.1/nios2eds/bin/gnu/h-x86_64-mingw32/bin/../lib/gcc/nios2-elf/5.3.0/../../../../../H-x86_64-mingw32/nios2-elf/lib/mno-hw-mul\libsmallc.a(lib_a-impure.o)
 .text          0x0000000000008d80        0x0 c:/intelfpga_lite/18.1/nios2eds/bin/gnu/h-x86_64-mingw32/bin/../lib/gcc/nios2-elf/5.3.0/../../../../../H-x86_64-mingw32/nios2-elf/lib/mno-hw-mul\libsmallc.a(lib_a-writer.o)
 .text._write_r
                0x0000000000008d80       0x58 c:/intelfpga_lite/18.1/nios2eds/bin/gnu/h-x86_64-mingw32/bin/../lib/gcc/nios2-elf/5.3.0/../../../../../H-x86_64-mingw32/nios2-elf/lib/mno-hw-mul\libsmallc.a(lib_a-writer.o)
                0x0000000000008d80                _write_r
 .text          0x0000000000008dd8        0x0 c:/intelfpga_lite/18.1/nios2eds/bin/gnu/h-x86_64-mingw32/bin/../lib/gcc/nios2-elf/5.3.0/../../../../../H-x86_64-mingw32/nios2-elf/lib/mno-hw-mul\libsmallc.a(lib_a-int_errno.o)
 .text          0x0000000000008dd8      0x1b4 c:/intelfpga_lite/18.1/nios2eds/bin/gnu/h-x86_64-mingw32/bin/../lib/gcc/nios2-elf/5.3.0/mno-hw-mul\libgcc.a(lib2-divmod.o)
                0x0000000000008dd8                __divsi3
                0x0000000000008e5c                __modsi3
                0x0000000000008ed0                __udivsi3
                0x0000000000008f34                __umodsi3
 .text          0x0000000000008f8c       0xec ../DroneSoftware_bsp/\libhal_bsp.a(alt_load.o)
                0x0000000000008ff4                alt_load
 .text          0x0000000000009078       0x6c ../DroneSoftware_bsp/\libhal_bsp.a(alt_main.o)
                0x0000000000009078                alt_main
 .text          0x00000000000090e4       0x30 ../DroneSoftware_bsp/\libhal_bsp.a(alt_usleep.o)
                0x00000000000090e4                usleep
 .text          0x0000000000009114      0x13c ../DroneSoftware_bsp/\libhal_bsp.a(alt_write.o)
                0x0000000000009150                write
 .text          0x0000000000009250       0xb8 ../DroneSoftware_bsp/\libhal_bsp.a(alt_sys_init.o)
                0x0000000000009284                alt_irq_init
                0x00000000000092bc                alt_sys_init
 .text          0x0000000000009308      0x164 ../DroneSoftware_bsp/\libhal_bsp.a(altera_avalon_jtag_uart_fd.o)
                0x0000000000009308                altera_avalon_jtag_uart_read_fd
                0x0000000000009368                altera_avalon_jtag_uart_write_fd
                0x00000000000093c8                altera_avalon_jtag_uart_close_fd
                0x0000000000009418                altera_avalon_jtag_uart_ioctl_fd
 .text          0x000000000000946c      0x3d4 ../DroneSoftware_bsp/\libhal_bsp.a(altera_avalon_jtag_uart_init.o)
                0x000000000000946c                altera_avalon_jtag_uart_init
                0x00000000000097d8                altera_avalon_jtag_uart_close
 .text          0x0000000000009840       0xf0 ../DroneSoftware_bsp/\libhal_bsp.a(altera_avalon_jtag_uart_ioctl.o)
                0x0000000000009840                altera_avalon_jtag_uart_ioctl
 .text          0x0000000000009930      0x21c ../DroneSoftware_bsp/\libhal_bsp.a(altera_avalon_jtag_uart_read.o)
                0x0000000000009930                altera_avalon_jtag_uart_read
 .text          0x0000000000009b4c      0x224 ../DroneSoftware_bsp/\libhal_bsp.a(altera_avalon_jtag_uart_write.o)
                0x0000000000009b4c                altera_avalon_jtag_uart_write
 .text          0x0000000000009d70      0x12c ../DroneSoftware_bsp/\libhal_bsp.a(alt_alarm_start.o)
                0x0000000000009d70                alt_alarm_start
 .text          0x0000000000009e9c      0x158 ../DroneSoftware_bsp/\libhal_bsp.a(alt_busy_sleep.o)
                0x0000000000009e9c                alt_busy_sleep
 .text          0x0000000000009ff4      0x114 ../DroneSoftware_bsp/\libhal_bsp.a(alt_close.o)
                0x000000000000a030                close
 .text          0x000000000000a108       0x20 ../DroneSoftware_bsp/\libhal_bsp.a(alt_dcache_flush_all.o)
                0x000000000000a108                alt_dcache_flush_all
 .text          0x000000000000a128       0x2c ../DroneSoftware_bsp/\libhal_bsp.a(alt_dev.o)
 .text          0x000000000000a154       0xe0 ../DroneSoftware_bsp/\libhal_bsp.a(alt_dev_llist_insert.o)
                0x000000000000a190                alt_dev_llist_insert
 .text          0x000000000000a234        0x0 ../DroneSoftware_bsp/\libhal_bsp.a(alt_errno.o)
 .text          0x000000000000a234       0x20 ../DroneSoftware_bsp/\libhal_bsp.a(alt_icache_flush_all.o)
                0x000000000000a234                alt_icache_flush_all
 .text          0x000000000000a254      0x1b0 ../DroneSoftware_bsp/\libhal_bsp.a(alt_iic.o)
                0x000000000000a254                alt_ic_isr_register
                0x000000000000a2a4                alt_ic_irq_enable
                0x000000000000a32c                alt_ic_irq_disable
                0x000000000000a3b8                alt_ic_irq_enabled
 .text          0x000000000000a404       0xf0 ../DroneSoftware_bsp/\libhal_bsp.a(alt_iic_isr_register.o)
                0x000000000000a404                alt_iic_isr_register
 .text          0x000000000000a4f4      0x160 ../DroneSoftware_bsp/\libhal_bsp.a(alt_io_redirect.o)
                0x000000000000a5d8                alt_io_redirect
 .text          0x000000000000a654        0x0 ../DroneSoftware_bsp/\libhal_bsp.a(alt_irq_entry.o)
 .text          0x000000000000a654        0x0 ../DroneSoftware_bsp/\libhal_bsp.a(alt_irq_handler.o)
 .text          0x000000000000a654        0x0 ../DroneSoftware_bsp/\libhal_bsp.a(alt_irq_vars.o)
 .text          0x000000000000a654      0x284 ../DroneSoftware_bsp/\libhal_bsp.a(alt_open.o)
                0x000000000000a77c                open
 .text          0x000000000000a8d8       0x84 ../DroneSoftware_bsp/\libhal_bsp.a(alt_release_fd.o)
                0x000000000000a8d8                alt_release_fd
 .text          0x000000000000a95c      0x1a4 ../DroneSoftware_bsp/\libhal_bsp.a(alt_tick.o)
                0x000000000000a95c                alt_alarm_stop
                0x000000000000a9f8                alt_tick
 .text          0x000000000000ab00       0x24 ../DroneSoftware_bsp/\libhal_bsp.a(altera_nios2_gen2_irq.o)
                0x000000000000ab00                altera_nios2_gen2_irq_init
 .text          0x000000000000ab24        0x0 ../DroneSoftware_bsp/\libhal_bsp.a(alt_exception_entry.o)
 .text          0x000000000000ab24       0x90 ../DroneSoftware_bsp/\libhal_bsp.a(alt_find_dev.o)
                0x000000000000ab24                alt_find_dev
 .text          0x000000000000abb4      0x108 ../DroneSoftware_bsp/\libhal_bsp.a(alt_find_file.o)
                0x000000000000abb4                alt_find_file
 .text          0x000000000000acbc       0xc4 ../DroneSoftware_bsp/\libhal_bsp.a(alt_get_fd.o)
                0x000000000000acbc                alt_get_fd
 .text          0x000000000000ad80       0x9c ../DroneSoftware_bsp/\libhal_bsp.a(alt_instruction_exception_entry.o)
                0x000000000000ad80                alt_exception_cause_generated_bad_addr
 .text          0x000000000000ae1c        0x0 c:/intelfpga_lite/18.1/nios2eds/bin/gnu/h-x86_64-mingw32/bin/../lib/gcc/nios2-elf/5.3.0/../../../../../H-x86_64-mingw32/nios2-elf/lib/mno-hw-mul\libsmallc.a(lib_a-exit.o)
 .text.exit     0x000000000000ae1c       0x20 c:/intelfpga_lite/18.1/nios2eds/bin/gnu/h-x86_64-mingw32/bin/../lib/gcc/nios2-elf/5.3.0/../../../../../H-x86_64-mingw32/nios2-elf/lib/mno-hw-mul\libsmallc.a(lib_a-exit.o)
                0x000000000000ae1c                exit
 .text          0x000000000000ae3c        0x0 c:/intelfpga_lite/18.1/nios2eds/bin/gnu/h-x86_64-mingw32/bin/../lib/gcc/nios2-elf/5.3.0/../../../../../H-x86_64-mingw32/nios2-elf/lib/mno-hw-mul\libsmallc.a(lib_a-memcmp.o)
 .text.memcmp   0x000000000000ae3c       0x30 c:/intelfpga_lite/18.1/nios2eds/bin/gnu/h-x86_64-mingw32/bin/../lib/gcc/nios2-elf/5.3.0/../../../../../H-x86_64-mingw32/nios2-elf/lib/mno-hw-mul\libsmallc.a(lib_a-memcmp.o)
                0x000000000000ae3c                memcmp
 .text          0x000000000000ae6c        0x0 c:/intelfpga_lite/18.1/nios2eds/bin/gnu/h-x86_64-mingw32/bin/../lib/gcc/nios2-elf/5.3.0/../../../../../H-x86_64-mingw32/nios2-elf/lib/mno-hw-mul\libsmallc.a(lib_a-memcpy.o)
 .text.memcpy   0x000000000000ae6c       0x28 c:/intelfpga_lite/18.1/nios2eds/bin/gnu/h-x86_64-mingw32/bin/../lib/gcc/nios2-elf/5.3.0/../../../../../H-x86_64-mingw32/nios2-elf/lib/mno-hw-mul\libsmallc.a(lib_a-memcpy.o)
                0x000000000000ae6c                memcpy
 .text          0x000000000000ae94        0x0 c:/intelfpga_lite/18.1/nios2eds/bin/gnu/h-x86_64-mingw32/bin/../lib/gcc/nios2-elf/5.3.0/../../../../../H-x86_64-mingw32/nios2-elf/lib/mno-hw-mul\libsmallc.a(lib_a-__call_atexit.o)
 .text.__call_exitprocs
                0x000000000000ae94      0x190 c:/intelfpga_lite/18.1/nios2eds/bin/gnu/h-x86_64-mingw32/bin/../lib/gcc/nios2-elf/5.3.0/../../../../../H-x86_64-mingw32/nios2-elf/lib/mno-hw-mul\libsmallc.a(lib_a-__call_atexit.o)
                0x000000000000ae94                __call_exitprocs
 .text          0x000000000000b024       0x34 ../DroneSoftware_bsp/\libhal_bsp.a(alt_exit.o)
                0x000000000000b024                _exit
 *(.gnu.warning.*)
 *(.fini)
                [!provide]                        PROVIDE (__etext, ABSOLUTE (.))
                [!provide]                        PROVIDE (_etext, ABSOLUTE (.))
                [!provide]                        PROVIDE (etext, ABSOLUTE (.))
 *(.eh_frame_hdr)
                0x000000000000b058                . = ALIGN (0x4)
                [!provide]                        PROVIDE (__preinit_array_start, ABSOLUTE (.))
 *(.preinit_array)
                [!provide]                        PROVIDE (__preinit_array_end, ABSOLUTE (.))
                [!provide]                        PROVIDE (__init_array_start, ABSOLUTE (.))
 *(.init_array)
                [!provide]                        PROVIDE (__init_array_end, ABSOLUTE (.))
                [!provide]                        PROVIDE (__fini_array_start, ABSOLUTE (.))
 *(.fini_array)
                [!provide]                        PROVIDE (__fini_array_end, ABSOLUTE (.))
 *(.eh_frame)
 *(.gcc_except_table .gcc_except_table.*)
 *(.dynamic)
                [!provide]                        PROVIDE (__CTOR_LIST__, ABSOLUTE (.))
 *(.ctors)
 *(SORT(.ctors.*))
                [!provide]                        PROVIDE (__CTOR_END__, ABSOLUTE (.))
                [!provide]                        PROVIDE (__DTOR_LIST__, ABSOLUTE (.))
 *(.dtors)
 *(SORT(.dtors.*))
                [!provide]                        PROVIDE (__DTOR_END__, ABSOLUTE (.))
 *(.jcr)
                0x000000000000b058                . = ALIGN (0x4)

.rodata         0x000000000000b058       0xa8
                0x000000000000b058                PROVIDE (__ram_rodata_start, ABSOLUTE (.))
                0x000000000000b058                . = ALIGN (0x4)
 *(.rodata .rodata.* .gnu.linkonce.r.*)
 .rodata        0x000000000000b058       0x6e obj/default/Drone.o
 *fill*         0x000000000000b0c6        0x2 
 .rodata.str1.4
                0x000000000000b0c8        0x4 c:/intelfpga_lite/18.1/nios2eds/bin/gnu/h-x86_64-mingw32/bin/../lib/gcc/nios2-elf/5.3.0/../../../../../H-x86_64-mingw32/nios2-elf/lib/mno-hw-mul\libsmallc.a(lib_a-puts.o)
                                          0x2 (size before relaxing)
 .rodata        0x000000000000b0cc       0x11 ../DroneSoftware_bsp/\libhal_bsp.a(alt_main.o)
 *fill*         0x000000000000b0dd        0x3 
 .rodata        0x000000000000b0e0       0x11 ../DroneSoftware_bsp/\libhal_bsp.a(alt_sys_init.o)
 *fill*         0x000000000000b0f1        0x3 
 .rodata        0x000000000000b0f4        0xa ../DroneSoftware_bsp/\libhal_bsp.a(alt_dev.o)
 *(.rodata1)
                0x000000000000b100                . = ALIGN (0x4)
 *fill*         0x000000000000b0fe        0x2 
                0x000000000000b100                PROVIDE (__ram_rodata_end, ABSOLUTE (.))
                0x000000000000b058                PROVIDE (__flash_rodata_start, LOADADDR (.rodata))

.rwdata         0x000000000000b100     0x1314 load address 0x000000000000c414
                0x000000000000b100                PROVIDE (__ram_rwdata_start, ABSOLUTE (.))
                0x000000000000b100                . = ALIGN (0x4)
 *(.got.plt)
 *(.got)
 *(.data1)
 *(.data .data.* .gnu.linkonce.d.*)
 .data          0x000000000000b100        0x0 ../DroneSoftware_bsp//obj/HAL/src/crt0.o
 .data          0x000000000000b100        0x0 obj/default/Drivers/Com_bus.o
 .data          0x000000000000b100        0x0 obj/default/Drone.o
 .data          0x000000000000b100        0x0 c:/intelfpga_lite/18.1/nios2eds/bin/gnu/h-x86_64-mingw32/bin/../lib/gcc/nios2-elf/5.3.0/mno-hw-mul\libgcc.a(lib2-mul.o)
 .data          0x000000000000b100        0x0 c:/intelfpga_lite/18.1/nios2eds/bin/gnu/h-x86_64-mingw32/bin/../lib/gcc/nios2-elf/5.3.0/../../../../../H-x86_64-mingw32/nios2-elf/lib/mno-hw-mul\libsmallc.a(lib_a-printf.o)
 .data          0x000000000000b100        0x0 c:/intelfpga_lite/18.1/nios2eds/bin/gnu/h-x86_64-mingw32/bin/../lib/gcc/nios2-elf/5.3.0/../../../../../H-x86_64-mingw32/nios2-elf/lib/mno-hw-mul\libsmallc.a(lib_a-puts.o)
 .data          0x000000000000b100        0x0 c:/intelfpga_lite/18.1/nios2eds/bin/gnu/h-x86_64-mingw32/bin/../lib/gcc/nios2-elf/5.3.0/../../../../../H-x86_64-mingw32/nios2-elf/lib/mno-hw-mul\libsmallc.a(lib_a-strlen.o)
 .data          0x000000000000b100        0x0 c:/intelfpga_lite/18.1/nios2eds/bin/gnu/h-x86_64-mingw32/bin/../lib/gcc/nios2-elf/5.3.0/../../../../../H-x86_64-mingw32/nios2-elf/lib/mno-hw-mul\libsmallc.a(lib_a-vfprintf.o)
 .data          0x000000000000b100        0x0 c:/intelfpga_lite/18.1/nios2eds/bin/gnu/h-x86_64-mingw32/bin/../lib/gcc/nios2-elf/5.3.0/../../../../../H-x86_64-mingw32/nios2-elf/lib/mno-hw-mul\libsmallc.a(lib_a-fvwrite_small_dev.o)
 .data          0x000000000000b100        0x0 c:/intelfpga_lite/18.1/nios2eds/bin/gnu/h-x86_64-mingw32/bin/../lib/gcc/nios2-elf/5.3.0/../../../../../H-x86_64-mingw32/nios2-elf/lib/mno-hw-mul\libsmallc.a(lib_a-impure.o)
 .data.impure_data
                0x000000000000b100       0xe0 c:/intelfpga_lite/18.1/nios2eds/bin/gnu/h-x86_64-mingw32/bin/../lib/gcc/nios2-elf/5.3.0/../../../../../H-x86_64-mingw32/nios2-elf/lib/mno-hw-mul\libsmallc.a(lib_a-impure.o)
 .data          0x000000000000b1e0        0x0 c:/intelfpga_lite/18.1/nios2eds/bin/gnu/h-x86_64-mingw32/bin/../lib/gcc/nios2-elf/5.3.0/../../../../../H-x86_64-mingw32/nios2-elf/lib/mno-hw-mul\libsmallc.a(lib_a-writer.o)
 .data          0x000000000000b1e0        0x0 c:/intelfpga_lite/18.1/nios2eds/bin/gnu/h-x86_64-mingw32/bin/../lib/gcc/nios2-elf/5.3.0/../../../../../H-x86_64-mingw32/nios2-elf/lib/mno-hw-mul\libsmallc.a(lib_a-int_errno.o)
 .data          0x000000000000b1e0        0x0 c:/intelfpga_lite/18.1/nios2eds/bin/gnu/h-x86_64-mingw32/bin/../lib/gcc/nios2-elf/5.3.0/mno-hw-mul\libgcc.a(lib2-divmod.o)
 .data          0x000000000000b1e0        0x0 ../DroneSoftware_bsp/\libhal_bsp.a(alt_load.o)
 .data          0x000000000000b1e0        0x0 ../DroneSoftware_bsp/\libhal_bsp.a(alt_main.o)
 .data          0x000000000000b1e0        0x0 ../DroneSoftware_bsp/\libhal_bsp.a(alt_usleep.o)
 .data          0x000000000000b1e0        0x0 ../DroneSoftware_bsp/\libhal_bsp.a(alt_write.o)
 .data          0x000000000000b1e0     0x1060 ../DroneSoftware_bsp/\libhal_bsp.a(alt_sys_init.o)
 .data          0x000000000000c240        0x0 ../DroneSoftware_bsp/\libhal_bsp.a(altera_avalon_jtag_uart_fd.o)
 .data          0x000000000000c240        0x0 ../DroneSoftware_bsp/\libhal_bsp.a(altera_avalon_jtag_uart_init.o)
 .data          0x000000000000c240        0x0 ../DroneSoftware_bsp/\libhal_bsp.a(altera_avalon_jtag_uart_ioctl.o)
 .data          0x000000000000c240        0x0 ../DroneSoftware_bsp/\libhal_bsp.a(altera_avalon_jtag_uart_read.o)
 .data          0x000000000000c240        0x0 ../DroneSoftware_bsp/\libhal_bsp.a(altera_avalon_jtag_uart_write.o)
 .data          0x000000000000c240        0x0 ../DroneSoftware_bsp/\libhal_bsp.a(alt_alarm_start.o)
 .data          0x000000000000c240        0x0 ../DroneSoftware_bsp/\libhal_bsp.a(alt_busy_sleep.o)
 .data          0x000000000000c240        0x0 ../DroneSoftware_bsp/\libhal_bsp.a(alt_close.o)
 .data          0x000000000000c240        0x0 ../DroneSoftware_bsp/\libhal_bsp.a(alt_dcache_flush_all.o)
 .data          0x000000000000c240      0x1a8 ../DroneSoftware_bsp/\libhal_bsp.a(alt_dev.o)
                0x000000000000c240                alt_dev_null
                0x000000000000c268                alt_fd_list
 .data          0x000000000000c3e8        0x0 ../DroneSoftware_bsp/\libhal_bsp.a(alt_dev_llist_insert.o)
 .data          0x000000000000c3e8        0x0 ../DroneSoftware_bsp/\libhal_bsp.a(alt_errno.o)
 .data          0x000000000000c3e8        0x0 ../DroneSoftware_bsp/\libhal_bsp.a(alt_icache_flush_all.o)
 .data          0x000000000000c3e8        0x0 ../DroneSoftware_bsp/\libhal_bsp.a(alt_iic.o)
 .data          0x000000000000c3e8        0x0 ../DroneSoftware_bsp/\libhal_bsp.a(alt_iic_isr_register.o)
 .data          0x000000000000c3e8        0x0 ../DroneSoftware_bsp/\libhal_bsp.a(alt_io_redirect.o)
 .data          0x000000000000c3e8        0x0 ../DroneSoftware_bsp/\libhal_bsp.a(alt_irq_entry.o)
 .data          0x000000000000c3e8        0x0 ../DroneSoftware_bsp/\libhal_bsp.a(alt_irq_handler.o)
 .data          0x000000000000c3e8        0x0 ../DroneSoftware_bsp/\libhal_bsp.a(alt_irq_vars.o)
 .data          0x000000000000c3e8        0x0 ../DroneSoftware_bsp/\libhal_bsp.a(alt_open.o)
 .data          0x000000000000c3e8        0x0 ../DroneSoftware_bsp/\libhal_bsp.a(alt_release_fd.o)
 .data          0x000000000000c3e8        0x0 ../DroneSoftware_bsp/\libhal_bsp.a(alt_tick.o)
 .data          0x000000000000c3e8        0x0 ../DroneSoftware_bsp/\libhal_bsp.a(altera_nios2_gen2_irq.o)
 .data          0x000000000000c3e8        0x0 ../DroneSoftware_bsp/\libhal_bsp.a(alt_exception_entry.o)
 .data          0x000000000000c3e8        0x0 ../DroneSoftware_bsp/\libhal_bsp.a(alt_find_dev.o)
 .data          0x000000000000c3e8        0x0 ../DroneSoftware_bsp/\libhal_bsp.a(alt_find_file.o)
 .data          0x000000000000c3e8        0x0 ../DroneSoftware_bsp/\libhal_bsp.a(alt_get_fd.o)
 .data          0x000000000000c3e8        0x0 ../DroneSoftware_bsp/\libhal_bsp.a(alt_instruction_exception_entry.o)
 .data          0x000000000000c3e8        0x0 c:/intelfpga_lite/18.1/nios2eds/bin/gnu/h-x86_64-mingw32/bin/../lib/gcc/nios2-elf/5.3.0/../../../../../H-x86_64-mingw32/nios2-elf/lib/mno-hw-mul\libsmallc.a(lib_a-exit.o)
 .data          0x000000000000c3e8        0x0 c:/intelfpga_lite/18.1/nios2eds/bin/gnu/h-x86_64-mingw32/bin/../lib/gcc/nios2-elf/5.3.0/../../../../../H-x86_64-mingw32/nios2-elf/lib/mno-hw-mul\libsmallc.a(lib_a-memcmp.o)
 .data          0x000000000000c3e8        0x0 c:/intelfpga_lite/18.1/nios2eds/bin/gnu/h-x86_64-mingw32/bin/../lib/gcc/nios2-elf/5.3.0/../../../../../H-x86_64-mingw32/nios2-elf/lib/mno-hw-mul\libsmallc.a(lib_a-memcpy.o)
 .data          0x000000000000c3e8        0x0 c:/intelfpga_lite/18.1/nios2eds/bin/gnu/h-x86_64-mingw32/bin/../lib/gcc/nios2-elf/5.3.0/../../../../../H-x86_64-mingw32/nios2-elf/lib/mno-hw-mul\libsmallc.a(lib_a-__call_atexit.o)
 .data          0x000000000000c3e8        0x0 ../DroneSoftware_bsp/\libhal_bsp.a(alt_exit.o)
                0x00000000000143e8                _gp = ABSOLUTE ((. + 0x8000))
                [!provide]                        PROVIDE (gp, _gp)
 *(.rwdata .rwdata.*)
 *(.sdata .sdata.* .gnu.linkonce.s.*)
 .sdata._global_impure_ptr
                0x000000000000c3e8        0x4 c:/intelfpga_lite/18.1/nios2eds/bin/gnu/h-x86_64-mingw32/bin/../lib/gcc/nios2-elf/5.3.0/../../../../../H-x86_64-mingw32/nios2-elf/lib/mno-hw-mul\libsmallc.a(lib_a-impure.o)
                0x000000000000c3e8                _global_impure_ptr
 .sdata._impure_ptr
                0x000000000000c3ec        0x4 c:/intelfpga_lite/18.1/nios2eds/bin/gnu/h-x86_64-mingw32/bin/../lib/gcc/nios2-elf/5.3.0/../../../../../H-x86_64-mingw32/nios2-elf/lib/mno-hw-mul\libsmallc.a(lib_a-impure.o)
                0x000000000000c3ec                _impure_ptr
 .sdata         0x000000000000c3f0       0x14 ../DroneSoftware_bsp/\libhal_bsp.a(alt_dev.o)
                0x000000000000c3f0                alt_fs_list
                0x000000000000c3f8                alt_dev_list
                0x000000000000c400                alt_max_fd
 .sdata         0x000000000000c404        0x4 ../DroneSoftware_bsp/\libhal_bsp.a(alt_errno.o)
                0x000000000000c404                alt_errno
 .sdata         0x000000000000c408        0x4 ../DroneSoftware_bsp/\libhal_bsp.a(alt_irq_vars.o)
                0x000000000000c408                alt_priority_mask
 .sdata         0x000000000000c40c        0x8 ../DroneSoftware_bsp/\libhal_bsp.a(alt_tick.o)
                0x000000000000c40c                alt_alarm_list
 *(.sdata2 .sdata2.* .gnu.linkonce.s2.*)
                0x000000000000c414                . = ALIGN (0x4)
                0x000000000000c414                _edata = ABSOLUTE (.)
                [!provide]                        PROVIDE (edata, ABSOLUTE (.))
                0x000000000000c414                PROVIDE (__ram_rwdata_end, ABSOLUTE (.))
                0x000000000000c414                PROVIDE (__flash_rwdata_start, LOADADDR (.rwdata))

.bss            0x000000000000d728      0x120
                0x000000000000d728                __bss_start = ABSOLUTE (.)
                [!provide]                        PROVIDE (__sbss_start, ABSOLUTE (.))
                [!provide]                        PROVIDE (___sbss_start, ABSOLUTE (.))
 *(.dynsbss)
 *(.sbss .sbss.* .gnu.linkonce.sb.*)
 .sbss          0x000000000000d728        0x4 c:/intelfpga_lite/18.1/nios2eds/bin/gnu/h-x86_64-mingw32/bin/../lib/gcc/nios2-elf/5.3.0/../../../../../H-x86_64-mingw32/nios2-elf/lib/mno-hw-mul\libsmallc.a(lib_a-int_errno.o)
                0x000000000000d728                errno
 .sbss          0x000000000000d72c        0xc ../DroneSoftware_bsp/\libhal_bsp.a(alt_main.o)
                0x000000000000d72c                alt_argc
                0x000000000000d730                alt_argv
                0x000000000000d734                alt_envp
 .sbss          0x000000000000d738        0x4 ../DroneSoftware_bsp/\libhal_bsp.a(alt_irq_vars.o)
                0x000000000000d738                alt_irq_active
 .sbss          0x000000000000d73c        0x8 ../DroneSoftware_bsp/\libhal_bsp.a(alt_tick.o)
                0x000000000000d73c                _alt_tick_rate
                0x000000000000d740                _alt_nticks
 .sbss          0x000000000000d744        0x4 ../DroneSoftware_bsp/\libhal_bsp.a(alt_instruction_exception_entry.o)
                0x000000000000d744                alt_instruction_exception_handler
 *(.sbss2 .sbss2.* .gnu.linkonce.sb2.*)
 *(.scommon)
                [!provide]                        PROVIDE (__sbss_end, ABSOLUTE (.))
                [!provide]                        PROVIDE (___sbss_end, ABSOLUTE (.))
 *(.dynbss)
 *(.bss .bss.* .gnu.linkonce.b.*)
 .bss           0x000000000000d748        0x0 ../DroneSoftware_bsp//obj/HAL/src/crt0.o
 .bss           0x000000000000d748        0x0 obj/default/Drivers/Com_bus.o
 .bss           0x000000000000d748        0x0 obj/default/Drone.o
 .bss           0x000000000000d748        0x0 c:/intelfpga_lite/18.1/nios2eds/bin/gnu/h-x86_64-mingw32/bin/../lib/gcc/nios2-elf/5.3.0/mno-hw-mul\libgcc.a(lib2-mul.o)
 .bss           0x000000000000d748        0x0 c:/intelfpga_lite/18.1/nios2eds/bin/gnu/h-x86_64-mingw32/bin/../lib/gcc/nios2-elf/5.3.0/../../../../../H-x86_64-mingw32/nios2-elf/lib/mno-hw-mul\libsmallc.a(lib_a-printf.o)
 .bss           0x000000000000d748        0x0 c:/intelfpga_lite/18.1/nios2eds/bin/gnu/h-x86_64-mingw32/bin/../lib/gcc/nios2-elf/5.3.0/../../../../../H-x86_64-mingw32/nios2-elf/lib/mno-hw-mul\libsmallc.a(lib_a-puts.o)
 .bss           0x000000000000d748        0x0 c:/intelfpga_lite/18.1/nios2eds/bin/gnu/h-x86_64-mingw32/bin/../lib/gcc/nios2-elf/5.3.0/../../../../../H-x86_64-mingw32/nios2-elf/lib/mno-hw-mul\libsmallc.a(lib_a-strlen.o)
 .bss           0x000000000000d748        0x0 c:/intelfpga_lite/18.1/nios2eds/bin/gnu/h-x86_64-mingw32/bin/../lib/gcc/nios2-elf/5.3.0/../../../../../H-x86_64-mingw32/nios2-elf/lib/mno-hw-mul\libsmallc.a(lib_a-vfprintf.o)
 .bss           0x000000000000d748        0x0 c:/intelfpga_lite/18.1/nios2eds/bin/gnu/h-x86_64-mingw32/bin/../lib/gcc/nios2-elf/5.3.0/../../../../../H-x86_64-mingw32/nios2-elf/lib/mno-hw-mul\libsmallc.a(lib_a-fvwrite_small_dev.o)
 .bss           0x000000000000d748        0x0 c:/intelfpga_lite/18.1/nios2eds/bin/gnu/h-x86_64-mingw32/bin/../lib/gcc/nios2-elf/5.3.0/../../../../../H-x86_64-mingw32/nios2-elf/lib/mno-hw-mul\libsmallc.a(lib_a-impure.o)
 .bss           0x000000000000d748        0x0 c:/intelfpga_lite/18.1/nios2eds/bin/gnu/h-x86_64-mingw32/bin/../lib/gcc/nios2-elf/5.3.0/../../../../../H-x86_64-mingw32/nios2-elf/lib/mno-hw-mul\libsmallc.a(lib_a-writer.o)
 .bss           0x000000000000d748        0x0 c:/intelfpga_lite/18.1/nios2eds/bin/gnu/h-x86_64-mingw32/bin/../lib/gcc/nios2-elf/5.3.0/../../../../../H-x86_64-mingw32/nios2-elf/lib/mno-hw-mul\libsmallc.a(lib_a-int_errno.o)
 .bss           0x000000000000d748        0x0 c:/intelfpga_lite/18.1/nios2eds/bin/gnu/h-x86_64-mingw32/bin/../lib/gcc/nios2-elf/5.3.0/mno-hw-mul\libgcc.a(lib2-divmod.o)
 .bss           0x000000000000d748        0x0 ../DroneSoftware_bsp/\libhal_bsp.a(alt_load.o)
 .bss           0x000000000000d748        0x0 ../DroneSoftware_bsp/\libhal_bsp.a(alt_main.o)
 .bss           0x000000000000d748        0x0 ../DroneSoftware_bsp/\libhal_bsp.a(alt_usleep.o)
 .bss           0x000000000000d748        0x0 ../DroneSoftware_bsp/\libhal_bsp.a(alt_write.o)
 .bss           0x000000000000d748        0x0 ../DroneSoftware_bsp/\libhal_bsp.a(alt_sys_init.o)
 .bss           0x000000000000d748        0x0 ../DroneSoftware_bsp/\libhal_bsp.a(altera_avalon_jtag_uart_fd.o)
 .bss           0x000000000000d748        0x0 ../DroneSoftware_bsp/\libhal_bsp.a(altera_avalon_jtag_uart_init.o)
 .bss           0x000000000000d748        0x0 ../DroneSoftware_bsp/\libhal_bsp.a(altera_avalon_jtag_uart_ioctl.o)
 .bss           0x000000000000d748        0x0 ../DroneSoftware_bsp/\libhal_bsp.a(altera_avalon_jtag_uart_read.o)
 .bss           0x000000000000d748        0x0 ../DroneSoftware_bsp/\libhal_bsp.a(altera_avalon_jtag_uart_write.o)
 .bss           0x000000000000d748        0x0 ../DroneSoftware_bsp/\libhal_bsp.a(alt_alarm_start.o)
 .bss           0x000000000000d748        0x0 ../DroneSoftware_bsp/\libhal_bsp.a(alt_busy_sleep.o)
 .bss           0x000000000000d748        0x0 ../DroneSoftware_bsp/\libhal_bsp.a(alt_close.o)
 .bss           0x000000000000d748        0x0 ../DroneSoftware_bsp/\libhal_bsp.a(alt_dcache_flush_all.o)
 .bss           0x000000000000d748        0x0 ../DroneSoftware_bsp/\libhal_bsp.a(alt_dev.o)
 .bss           0x000000000000d748        0x0 ../DroneSoftware_bsp/\libhal_bsp.a(alt_dev_llist_insert.o)
 .bss           0x000000000000d748        0x0 ../DroneSoftware_bsp/\libhal_bsp.a(alt_errno.o)
 .bss           0x000000000000d748        0x0 ../DroneSoftware_bsp/\libhal_bsp.a(alt_icache_flush_all.o)
 .bss           0x000000000000d748        0x0 ../DroneSoftware_bsp/\libhal_bsp.a(alt_iic.o)
 .bss           0x000000000000d748        0x0 ../DroneSoftware_bsp/\libhal_bsp.a(alt_iic_isr_register.o)
 .bss           0x000000000000d748        0x0 ../DroneSoftware_bsp/\libhal_bsp.a(alt_io_redirect.o)
 .bss           0x000000000000d748        0x0 ../DroneSoftware_bsp/\libhal_bsp.a(alt_irq_entry.o)
 .bss           0x000000000000d748        0x0 ../DroneSoftware_bsp/\libhal_bsp.a(alt_irq_handler.o)
 .bss           0x000000000000d748        0x0 ../DroneSoftware_bsp/\libhal_bsp.a(alt_irq_vars.o)
 .bss           0x000000000000d748        0x0 ../DroneSoftware_bsp/\libhal_bsp.a(alt_open.o)
 .bss           0x000000000000d748        0x0 ../DroneSoftware_bsp/\libhal_bsp.a(alt_release_fd.o)
 .bss           0x000000000000d748        0x0 ../DroneSoftware_bsp/\libhal_bsp.a(alt_tick.o)
 .bss           0x000000000000d748        0x0 ../DroneSoftware_bsp/\libhal_bsp.a(altera_nios2_gen2_irq.o)
 .bss           0x000000000000d748        0x0 ../DroneSoftware_bsp/\libhal_bsp.a(alt_exception_entry.o)
 .bss           0x000000000000d748        0x0 ../DroneSoftware_bsp/\libhal_bsp.a(alt_find_dev.o)
 .bss           0x000000000000d748        0x0 ../DroneSoftware_bsp/\libhal_bsp.a(alt_find_file.o)
 .bss           0x000000000000d748        0x0 ../DroneSoftware_bsp/\libhal_bsp.a(alt_get_fd.o)
 .bss           0x000000000000d748        0x0 ../DroneSoftware_bsp/\libhal_bsp.a(alt_instruction_exception_entry.o)
 .bss           0x000000000000d748        0x0 c:/intelfpga_lite/18.1/nios2eds/bin/gnu/h-x86_64-mingw32/bin/../lib/gcc/nios2-elf/5.3.0/../../../../../H-x86_64-mingw32/nios2-elf/lib/mno-hw-mul\libsmallc.a(lib_a-exit.o)
 .bss           0x000000000000d748        0x0 c:/intelfpga_lite/18.1/nios2eds/bin/gnu/h-x86_64-mingw32/bin/../lib/gcc/nios2-elf/5.3.0/../../../../../H-x86_64-mingw32/nios2-elf/lib/mno-hw-mul\libsmallc.a(lib_a-memcmp.o)
 .bss           0x000000000000d748        0x0 c:/intelfpga_lite/18.1/nios2eds/bin/gnu/h-x86_64-mingw32/bin/../lib/gcc/nios2-elf/5.3.0/../../../../../H-x86_64-mingw32/nios2-elf/lib/mno-hw-mul\libsmallc.a(lib_a-memcpy.o)
 .bss           0x000000000000d748        0x0 c:/intelfpga_lite/18.1/nios2eds/bin/gnu/h-x86_64-mingw32/bin/../lib/gcc/nios2-elf/5.3.0/../../../../../H-x86_64-mingw32/nios2-elf/lib/mno-hw-mul\libsmallc.a(lib_a-__call_atexit.o)
 .bss           0x000000000000d748        0x0 ../DroneSoftware_bsp/\libhal_bsp.a(alt_exit.o)
 *(COMMON)
 COMMON         0x000000000000d748      0x100 ../DroneSoftware_bsp/\libhal_bsp.a(alt_irq_handler.o)
                0x000000000000d748                alt_irq
                0x000000000000d848                . = ALIGN (0x4)
                0x000000000000d848                __bss_end = ABSOLUTE (.)

.RAM            0x000000000000d848        0x0
                [!provide]                        PROVIDE (_alt_partition_RAM_start, ABSOLUTE (.))
 *(.RAM .RAM. RAM.*)
                0x000000000000d848                . = ALIGN (0x4)
                [!provide]                        PROVIDE (_alt_partition_RAM_end, ABSOLUTE (.))
                0x000000000000d848                _end = ABSOLUTE (.)
                0x000000000000d848                end = ABSOLUTE (.)
                0x000000000000d848                __alt_stack_base = ABSOLUTE (.)
                [!provide]                        PROVIDE (_alt_partition_RAM_load_addr, LOADADDR (.RAM))

.stab
 *(.stab)

.stabstr
 *(.stabstr)

.stab.excl
 *(.stab.excl)

.stab.exclstr
 *(.stab.exclstr)

.stab.index
 *(.stab.index)

.stab.indexstr
 *(.stab.indexstr)

.comment        0x0000000000000000       0x23
 *(.comment)
 .comment       0x0000000000000000       0x23 obj/default/Drivers/Com_bus.o
                                         0x24 (size before relaxing)
 .comment       0x0000000000000023       0x24 obj/default/Drone.o
 .comment       0x0000000000000023       0x24 c:/intelfpga_lite/18.1/nios2eds/bin/gnu/h-x86_64-mingw32/bin/../lib/gcc/nios2-elf/5.3.0/mno-hw-mul\libgcc.a(lib2-mul.o)
 .comment       0x0000000000000023       0x24 c:/intelfpga_lite/18.1/nios2eds/bin/gnu/h-x86_64-mingw32/bin/../lib/gcc/nios2-elf/5.3.0/../../../../../H-x86_64-mingw32/nios2-elf/lib/mno-hw-mul\libsmallc.a(lib_a-printf.o)
 .comment       0x0000000000000023       0x24 c:/intelfpga_lite/18.1/nios2eds/bin/gnu/h-x86_64-mingw32/bin/../lib/gcc/nios2-elf/5.3.0/../../../../../H-x86_64-mingw32/nios2-elf/lib/mno-hw-mul\libsmallc.a(lib_a-puts.o)
 .comment       0x0000000000000023       0x24 c:/intelfpga_lite/18.1/nios2eds/bin/gnu/h-x86_64-mingw32/bin/../lib/gcc/nios2-elf/5.3.0/../../../../../H-x86_64-mingw32/nios2-elf/lib/mno-hw-mul\libsmallc.a(lib_a-strlen.o)
 .comment       0x0000000000000023       0x24 c:/intelfpga_lite/18.1/nios2eds/bin/gnu/h-x86_64-mingw32/bin/../lib/gcc/nios2-elf/5.3.0/../../../../../H-x86_64-mingw32/nios2-elf/lib/mno-hw-mul\libsmallc.a(lib_a-vfprintf.o)
 .comment       0x0000000000000023       0x24 c:/intelfpga_lite/18.1/nios2eds/bin/gnu/h-x86_64-mingw32/bin/../lib/gcc/nios2-elf/5.3.0/../../../../../H-x86_64-mingw32/nios2-elf/lib/mno-hw-mul\libsmallc.a(lib_a-fvwrite_small_dev.o)
 .comment       0x0000000000000023       0x24 c:/intelfpga_lite/18.1/nios2eds/bin/gnu/h-x86_64-mingw32/bin/../lib/gcc/nios2-elf/5.3.0/../../../../../H-x86_64-mingw32/nios2-elf/lib/mno-hw-mul\libsmallc.a(lib_a-impure.o)
 .comment       0x0000000000000023       0x24 c:/intelfpga_lite/18.1/nios2eds/bin/gnu/h-x86_64-mingw32/bin/../lib/gcc/nios2-elf/5.3.0/../../../../../H-x86_64-mingw32/nios2-elf/lib/mno-hw-mul\libsmallc.a(lib_a-writer.o)
 .comment       0x0000000000000023       0x24 c:/intelfpga_lite/18.1/nios2eds/bin/gnu/h-x86_64-mingw32/bin/../lib/gcc/nios2-elf/5.3.0/../../../../../H-x86_64-mingw32/nios2-elf/lib/mno-hw-mul\libsmallc.a(lib_a-int_errno.o)
 .comment       0x0000000000000023       0x24 c:/intelfpga_lite/18.1/nios2eds/bin/gnu/h-x86_64-mingw32/bin/../lib/gcc/nios2-elf/5.3.0/mno-hw-mul\libgcc.a(lib2-divmod.o)
 .comment       0x0000000000000023       0x24 ../DroneSoftware_bsp/\libhal_bsp.a(alt_load.o)
 .comment       0x0000000000000023       0x24 ../DroneSoftware_bsp/\libhal_bsp.a(alt_main.o)
 .comment       0x0000000000000023       0x24 ../DroneSoftware_bsp/\libhal_bsp.a(alt_usleep.o)
 .comment       0x0000000000000023       0x24 ../DroneSoftware_bsp/\libhal_bsp.a(alt_write.o)
 .comment       0x0000000000000023       0x24 ../DroneSoftware_bsp/\libhal_bsp.a(alt_sys_init.o)
 .comment       0x0000000000000023       0x24 ../DroneSoftware_bsp/\libhal_bsp.a(altera_avalon_jtag_uart_fd.o)
 .comment       0x0000000000000023       0x24 ../DroneSoftware_bsp/\libhal_bsp.a(altera_avalon_jtag_uart_init.o)
 .comment       0x0000000000000023       0x24 ../DroneSoftware_bsp/\libhal_bsp.a(altera_avalon_jtag_uart_ioctl.o)
 .comment       0x0000000000000023       0x24 ../DroneSoftware_bsp/\libhal_bsp.a(altera_avalon_jtag_uart_read.o)
 .comment       0x0000000000000023       0x24 ../DroneSoftware_bsp/\libhal_bsp.a(altera_avalon_jtag_uart_write.o)
 .comment       0x0000000000000023       0x24 ../DroneSoftware_bsp/\libhal_bsp.a(alt_alarm_start.o)
 .comment       0x0000000000000023       0x24 ../DroneSoftware_bsp/\libhal_bsp.a(alt_busy_sleep.o)
 .comment       0x0000000000000023       0x24 ../DroneSoftware_bsp/\libhal_bsp.a(alt_close.o)
 .comment       0x0000000000000023       0x24 ../DroneSoftware_bsp/\libhal_bsp.a(alt_dcache_flush_all.o)
 .comment       0x0000000000000023       0x24 ../DroneSoftware_bsp/\libhal_bsp.a(alt_dev.o)
 .comment       0x0000000000000023       0x24 ../DroneSoftware_bsp/\libhal_bsp.a(alt_dev_llist_insert.o)
 .comment       0x0000000000000023       0x24 ../DroneSoftware_bsp/\libhal_bsp.a(alt_errno.o)
 .comment       0x0000000000000023       0x24 ../DroneSoftware_bsp/\libhal_bsp.a(alt_icache_flush_all.o)
 .comment       0x0000000000000023       0x24 ../DroneSoftware_bsp/\libhal_bsp.a(alt_iic.o)
 .comment       0x0000000000000023       0x24 ../DroneSoftware_bsp/\libhal_bsp.a(alt_iic_isr_register.o)
 .comment       0x0000000000000023       0x24 ../DroneSoftware_bsp/\libhal_bsp.a(alt_io_redirect.o)
 .comment       0x0000000000000023       0x24 ../DroneSoftware_bsp/\libhal_bsp.a(alt_irq_handler.o)
 .comment       0x0000000000000023       0x24 ../DroneSoftware_bsp/\libhal_bsp.a(alt_irq_vars.o)
 .comment       0x0000000000000023       0x24 ../DroneSoftware_bsp/\libhal_bsp.a(alt_open.o)
 .comment       0x0000000000000023       0x24 ../DroneSoftware_bsp/\libhal_bsp.a(alt_release_fd.o)
 .comment       0x0000000000000023       0x24 ../DroneSoftware_bsp/\libhal_bsp.a(alt_tick.o)
 .comment       0x0000000000000023       0x24 ../DroneSoftware_bsp/\libhal_bsp.a(altera_nios2_gen2_irq.o)
 .comment       0x0000000000000023       0x24 ../DroneSoftware_bsp/\libhal_bsp.a(alt_find_dev.o)
 .comment       0x0000000000000023       0x24 ../DroneSoftware_bsp/\libhal_bsp.a(alt_find_file.o)
 .comment       0x0000000000000023       0x24 ../DroneSoftware_bsp/\libhal_bsp.a(alt_get_fd.o)
 .comment       0x0000000000000023       0x24 ../DroneSoftware_bsp/\libhal_bsp.a(alt_instruction_exception_entry.o)
 .comment       0x0000000000000023       0x24 c:/intelfpga_lite/18.1/nios2eds/bin/gnu/h-x86_64-mingw32/bin/../lib/gcc/nios2-elf/5.3.0/../../../../../H-x86_64-mingw32/nios2-elf/lib/mno-hw-mul\libsmallc.a(lib_a-exit.o)
 .comment       0x0000000000000023       0x24 c:/intelfpga_lite/18.1/nios2eds/bin/gnu/h-x86_64-mingw32/bin/../lib/gcc/nios2-elf/5.3.0/../../../../../H-x86_64-mingw32/nios2-elf/lib/mno-hw-mul\libsmallc.a(lib_a-memcmp.o)
 .comment       0x0000000000000023       0x24 c:/intelfpga_lite/18.1/nios2eds/bin/gnu/h-x86_64-mingw32/bin/../lib/gcc/nios2-elf/5.3.0/../../../../../H-x86_64-mingw32/nios2-elf/lib/mno-hw-mul\libsmallc.a(lib_a-memcpy.o)
 .comment       0x0000000000000023       0x24 c:/intelfpga_lite/18.1/nios2eds/bin/gnu/h-x86_64-mingw32/bin/../lib/gcc/nios2-elf/5.3.0/../../../../../H-x86_64-mingw32/nios2-elf/lib/mno-hw-mul\libsmallc.a(lib_a-__call_atexit.o)
 .comment       0x0000000000000023       0x24 ../DroneSoftware_bsp/\libhal_bsp.a(alt_exit.o)

.debug
 *(.debug)

.line
 *(.line)

.debug_srcinfo
 *(.debug_srcinfo)

.debug_sfnames
 *(.debug_sfnames)

.debug_aranges  0x0000000000000000      0x698
 *(.debug_aranges)
 .debug_aranges
                0x0000000000000000       0x28 ../DroneSoftware_bsp//obj/HAL/src/crt0.o
 .debug_aranges
                0x0000000000000028       0x20 obj/default/Drivers/Com_bus.o
 .debug_aranges
                0x0000000000000048       0x20 obj/default/Drone.o
 .debug_aranges
                0x0000000000000068       0x20 c:/intelfpga_lite/18.1/nios2eds/bin/gnu/h-x86_64-mingw32/bin/../lib/gcc/nios2-elf/5.3.0/mno-hw-mul\libgcc.a(lib2-mul.o)
 .debug_aranges
                0x0000000000000088       0x28 c:/intelfpga_lite/18.1/nios2eds/bin/gnu/h-x86_64-mingw32/bin/../lib/gcc/nios2-elf/5.3.0/../../../../../H-x86_64-mingw32/nios2-elf/lib/mno-hw-mul\libsmallc.a(lib_a-printf.o)
 .debug_aranges
                0x00000000000000b0       0x28 c:/intelfpga_lite/18.1/nios2eds/bin/gnu/h-x86_64-mingw32/bin/../lib/gcc/nios2-elf/5.3.0/../../../../../H-x86_64-mingw32/nios2-elf/lib/mno-hw-mul\libsmallc.a(lib_a-puts.o)
 .debug_aranges
                0x00000000000000d8       0x20 c:/intelfpga_lite/18.1/nios2eds/bin/gnu/h-x86_64-mingw32/bin/../lib/gcc/nios2-elf/5.3.0/../../../../../H-x86_64-mingw32/nios2-elf/lib/mno-hw-mul\libsmallc.a(lib_a-strlen.o)
 .debug_aranges
                0x00000000000000f8       0x30 c:/intelfpga_lite/18.1/nios2eds/bin/gnu/h-x86_64-mingw32/bin/../lib/gcc/nios2-elf/5.3.0/../../../../../H-x86_64-mingw32/nios2-elf/lib/mno-hw-mul\libsmallc.a(lib_a-vfprintf.o)
 .debug_aranges
                0x0000000000000128       0x20 c:/intelfpga_lite/18.1/nios2eds/bin/gnu/h-x86_64-mingw32/bin/../lib/gcc/nios2-elf/5.3.0/../../../../../H-x86_64-mingw32/nios2-elf/lib/mno-hw-mul\libsmallc.a(lib_a-fvwrite_small_dev.o)
 .debug_aranges
                0x0000000000000148       0x18 c:/intelfpga_lite/18.1/nios2eds/bin/gnu/h-x86_64-mingw32/bin/../lib/gcc/nios2-elf/5.3.0/../../../../../H-x86_64-mingw32/nios2-elf/lib/mno-hw-mul\libsmallc.a(lib_a-impure.o)
 .debug_aranges
                0x0000000000000160       0x20 c:/intelfpga_lite/18.1/nios2eds/bin/gnu/h-x86_64-mingw32/bin/../lib/gcc/nios2-elf/5.3.0/../../../../../H-x86_64-mingw32/nios2-elf/lib/mno-hw-mul\libsmallc.a(lib_a-writer.o)
 .debug_aranges
                0x0000000000000180       0x18 c:/intelfpga_lite/18.1/nios2eds/bin/gnu/h-x86_64-mingw32/bin/../lib/gcc/nios2-elf/5.3.0/../../../../../H-x86_64-mingw32/nios2-elf/lib/mno-hw-mul\libsmallc.a(lib_a-int_errno.o)
 .debug_aranges
                0x0000000000000198       0x20 c:/intelfpga_lite/18.1/nios2eds/bin/gnu/h-x86_64-mingw32/bin/../lib/gcc/nios2-elf/5.3.0/mno-hw-mul\libgcc.a(lib2-divmod.o)
 .debug_aranges
                0x00000000000001b8       0x20 ../DroneSoftware_bsp/\libhal_bsp.a(alt_load.o)
 .debug_aranges
                0x00000000000001d8       0x20 ../DroneSoftware_bsp/\libhal_bsp.a(alt_main.o)
 .debug_aranges
                0x00000000000001f8       0x20 ../DroneSoftware_bsp/\libhal_bsp.a(alt_usleep.o)
 .debug_aranges
                0x0000000000000218       0x20 ../DroneSoftware_bsp/\libhal_bsp.a(alt_write.o)
 .debug_aranges
                0x0000000000000238       0x20 ../DroneSoftware_bsp/\libhal_bsp.a(alt_sys_init.o)
 .debug_aranges
                0x0000000000000258       0x20 ../DroneSoftware_bsp/\libhal_bsp.a(altera_avalon_jtag_uart_fd.o)
 .debug_aranges
                0x0000000000000278       0x20 ../DroneSoftware_bsp/\libhal_bsp.a(altera_avalon_jtag_uart_init.o)
 .debug_aranges
                0x0000000000000298       0x20 ../DroneSoftware_bsp/\libhal_bsp.a(altera_avalon_jtag_uart_ioctl.o)
 .debug_aranges
                0x00000000000002b8       0x20 ../DroneSoftware_bsp/\libhal_bsp.a(altera_avalon_jtag_uart_read.o)
 .debug_aranges
                0x00000000000002d8       0x20 ../DroneSoftware_bsp/\libhal_bsp.a(altera_avalon_jtag_uart_write.o)
 .debug_aranges
                0x00000000000002f8       0x20 ../DroneSoftware_bsp/\libhal_bsp.a(alt_alarm_start.o)
 .debug_aranges
                0x0000000000000318       0x20 ../DroneSoftware_bsp/\libhal_bsp.a(alt_busy_sleep.o)
 .debug_aranges
                0x0000000000000338       0x20 ../DroneSoftware_bsp/\libhal_bsp.a(alt_close.o)
 .debug_aranges
                0x0000000000000358       0x20 ../DroneSoftware_bsp/\libhal_bsp.a(alt_dcache_flush_all.o)
 .debug_aranges
                0x0000000000000378       0x20 ../DroneSoftware_bsp/\libhal_bsp.a(alt_dev.o)
 .debug_aranges
                0x0000000000000398       0x20 ../DroneSoftware_bsp/\libhal_bsp.a(alt_dev_llist_insert.o)
 .debug_aranges
                0x00000000000003b8       0x18 ../DroneSoftware_bsp/\libhal_bsp.a(alt_errno.o)
 .debug_aranges
                0x00000000000003d0       0x20 ../DroneSoftware_bsp/\libhal_bsp.a(alt_icache_flush_all.o)
 .debug_aranges
                0x00000000000003f0       0x20 ../DroneSoftware_bsp/\libhal_bsp.a(alt_iic.o)
 .debug_aranges
                0x0000000000000410       0x20 ../DroneSoftware_bsp/\libhal_bsp.a(alt_iic_isr_register.o)
 .debug_aranges
                0x0000000000000430       0x20 ../DroneSoftware_bsp/\libhal_bsp.a(alt_io_redirect.o)
 .debug_aranges
                0x0000000000000450       0x30 ../DroneSoftware_bsp/\libhal_bsp.a(alt_irq_entry.o)
 .debug_aranges
                0x0000000000000480       0x20 ../DroneSoftware_bsp/\libhal_bsp.a(alt_irq_handler.o)
 .debug_aranges
                0x00000000000004a0       0x18 ../DroneSoftware_bsp/\libhal_bsp.a(alt_irq_vars.o)
 .debug_aranges
                0x00000000000004b8       0x20 ../DroneSoftware_bsp/\libhal_bsp.a(alt_open.o)
 .debug_aranges
                0x00000000000004d8       0x20 ../DroneSoftware_bsp/\libhal_bsp.a(alt_release_fd.o)
 .debug_aranges
                0x00000000000004f8       0x20 ../DroneSoftware_bsp/\libhal_bsp.a(alt_tick.o)
 .debug_aranges
                0x0000000000000518       0x20 ../DroneSoftware_bsp/\libhal_bsp.a(altera_nios2_gen2_irq.o)
 .debug_aranges
                0x0000000000000538       0x38 ../DroneSoftware_bsp/\libhal_bsp.a(alt_exception_entry.o)
 .debug_aranges
                0x0000000000000570       0x20 ../DroneSoftware_bsp/\libhal_bsp.a(alt_find_dev.o)
 .debug_aranges
                0x0000000000000590       0x20 ../DroneSoftware_bsp/\libhal_bsp.a(alt_find_file.o)
 .debug_aranges
                0x00000000000005b0       0x20 ../DroneSoftware_bsp/\libhal_bsp.a(alt_get_fd.o)
 .debug_aranges
                0x00000000000005d0       0x28 ../DroneSoftware_bsp/\libhal_bsp.a(alt_instruction_exception_entry.o)
 .debug_aranges
                0x00000000000005f8       0x20 c:/intelfpga_lite/18.1/nios2eds/bin/gnu/h-x86_64-mingw32/bin/../lib/gcc/nios2-elf/5.3.0/../../../../../H-x86_64-mingw32/nios2-elf/lib/mno-hw-mul\libsmallc.a(lib_a-exit.o)
 .debug_aranges
                0x0000000000000618       0x20 c:/intelfpga_lite/18.1/nios2eds/bin/gnu/h-x86_64-mingw32/bin/../lib/gcc/nios2-elf/5.3.0/../../../../../H-x86_64-mingw32/nios2-elf/lib/mno-hw-mul\libsmallc.a(lib_a-memcmp.o)
 .debug_aranges
                0x0000000000000638       0x20 c:/intelfpga_lite/18.1/nios2eds/bin/gnu/h-x86_64-mingw32/bin/../lib/gcc/nios2-elf/5.3.0/../../../../../H-x86_64-mingw32/nios2-elf/lib/mno-hw-mul\libsmallc.a(lib_a-memcpy.o)
 .debug_aranges
                0x0000000000000658       0x20 c:/intelfpga_lite/18.1/nios2eds/bin/gnu/h-x86_64-mingw32/bin/../lib/gcc/nios2-elf/5.3.0/../../../../../H-x86_64-mingw32/nios2-elf/lib/mno-hw-mul\libsmallc.a(lib_a-__call_atexit.o)
 .debug_aranges
                0x0000000000000678       0x20 ../DroneSoftware_bsp/\libhal_bsp.a(alt_exit.o)

.debug_pubnames
 *(.debug_pubnames)

.debug_info     0x0000000000000000     0x8b66
 *(.debug_info .gnu.linkonce.wi.*)
 .debug_info    0x0000000000000000       0x8c ../DroneSoftware_bsp//obj/HAL/src/crt0.o
 .debug_info    0x000000000000008c       0xb9 obj/default/Drivers/Com_bus.o
 .debug_info    0x0000000000000145      0x201 obj/default/Drone.o
 .debug_info    0x0000000000000346       0xb4 c:/intelfpga_lite/18.1/nios2eds/bin/gnu/h-x86_64-mingw32/bin/../lib/gcc/nios2-elf/5.3.0/mno-hw-mul\libgcc.a(lib2-mul.o)
 .debug_info    0x00000000000003fa      0x699 c:/intelfpga_lite/18.1/nios2eds/bin/gnu/h-x86_64-mingw32/bin/../lib/gcc/nios2-elf/5.3.0/../../../../../H-x86_64-mingw32/nios2-elf/lib/mno-hw-mul\libsmallc.a(lib_a-printf.o)
 .debug_info    0x0000000000000a93      0x66d c:/intelfpga_lite/18.1/nios2eds/bin/gnu/h-x86_64-mingw32/bin/../lib/gcc/nios2-elf/5.3.0/../../../../../H-x86_64-mingw32/nios2-elf/lib/mno-hw-mul\libsmallc.a(lib_a-puts.o)
 .debug_info    0x0000000000001100       0xc9 c:/intelfpga_lite/18.1/nios2eds/bin/gnu/h-x86_64-mingw32/bin/../lib/gcc/nios2-elf/5.3.0/../../../../../H-x86_64-mingw32/nios2-elf/lib/mno-hw-mul\libsmallc.a(lib_a-strlen.o)
 .debug_info    0x00000000000011c9      0xb2b c:/intelfpga_lite/18.1/nios2eds/bin/gnu/h-x86_64-mingw32/bin/../lib/gcc/nios2-elf/5.3.0/../../../../../H-x86_64-mingw32/nios2-elf/lib/mno-hw-mul\libsmallc.a(lib_a-vfprintf.o)
 .debug_info    0x0000000000001cf4      0x62b c:/intelfpga_lite/18.1/nios2eds/bin/gnu/h-x86_64-mingw32/bin/../lib/gcc/nios2-elf/5.3.0/../../../../../H-x86_64-mingw32/nios2-elf/lib/mno-hw-mul\libsmallc.a(lib_a-fvwrite_small_dev.o)
 .debug_info    0x000000000000231f      0x5a9 c:/intelfpga_lite/18.1/nios2eds/bin/gnu/h-x86_64-mingw32/bin/../lib/gcc/nios2-elf/5.3.0/../../../../../H-x86_64-mingw32/nios2-elf/lib/mno-hw-mul\libsmallc.a(lib_a-impure.o)
 .debug_info    0x00000000000028c8      0x630 c:/intelfpga_lite/18.1/nios2eds/bin/gnu/h-x86_64-mingw32/bin/../lib/gcc/nios2-elf/5.3.0/../../../../../H-x86_64-mingw32/nios2-elf/lib/mno-hw-mul\libsmallc.a(lib_a-writer.o)
 .debug_info    0x0000000000002ef8       0x8a c:/intelfpga_lite/18.1/nios2eds/bin/gnu/h-x86_64-mingw32/bin/../lib/gcc/nios2-elf/5.3.0/../../../../../H-x86_64-mingw32/nios2-elf/lib/mno-hw-mul\libsmallc.a(lib_a-int_errno.o)
 .debug_info    0x0000000000002f82      0x2c6 c:/intelfpga_lite/18.1/nios2eds/bin/gnu/h-x86_64-mingw32/bin/../lib/gcc/nios2-elf/5.3.0/mno-hw-mul\libgcc.a(lib2-divmod.o)
 .debug_info    0x0000000000003248      0x145 ../DroneSoftware_bsp/\libhal_bsp.a(alt_load.o)
 .debug_info    0x000000000000338d      0x131 ../DroneSoftware_bsp/\libhal_bsp.a(alt_main.o)
 .debug_info    0x00000000000034be       0xb0 ../DroneSoftware_bsp/\libhal_bsp.a(alt_usleep.o)
 .debug_info    0x000000000000356e      0x4b7 ../DroneSoftware_bsp/\libhal_bsp.a(alt_write.o)
 .debug_info    0x0000000000003a25      0x4c3 ../DroneSoftware_bsp/\libhal_bsp.a(alt_sys_init.o)
 .debug_info    0x0000000000003ee8      0x52e ../DroneSoftware_bsp/\libhal_bsp.a(altera_avalon_jtag_uart_fd.o)
 .debug_info    0x0000000000004416      0x3a0 ../DroneSoftware_bsp/\libhal_bsp.a(altera_avalon_jtag_uart_init.o)
 .debug_info    0x00000000000047b6      0x280 ../DroneSoftware_bsp/\libhal_bsp.a(altera_avalon_jtag_uart_ioctl.o)
 .debug_info    0x0000000000004a36      0x345 ../DroneSoftware_bsp/\libhal_bsp.a(altera_avalon_jtag_uart_read.o)
 .debug_info    0x0000000000004d7b      0x340 ../DroneSoftware_bsp/\libhal_bsp.a(altera_avalon_jtag_uart_write.o)
 .debug_info    0x00000000000050bb      0x2cc ../DroneSoftware_bsp/\libhal_bsp.a(alt_alarm_start.o)
 .debug_info    0x0000000000005387       0xd7 ../DroneSoftware_bsp/\libhal_bsp.a(alt_busy_sleep.o)
 .debug_info    0x000000000000545e      0x321 ../DroneSoftware_bsp/\libhal_bsp.a(alt_close.o)
 .debug_info    0x000000000000577f       0x92 ../DroneSoftware_bsp/\libhal_bsp.a(alt_dcache_flush_all.o)
 .debug_info    0x0000000000005811      0x49c ../DroneSoftware_bsp/\libhal_bsp.a(alt_dev.o)
 .debug_info    0x0000000000005cad      0x1a9 ../DroneSoftware_bsp/\libhal_bsp.a(alt_dev_llist_insert.o)
 .debug_info    0x0000000000005e56       0xa6 ../DroneSoftware_bsp/\libhal_bsp.a(alt_errno.o)
 .debug_info    0x0000000000005efc       0x92 ../DroneSoftware_bsp/\libhal_bsp.a(alt_icache_flush_all.o)
 .debug_info    0x0000000000005f8e      0x350 ../DroneSoftware_bsp/\libhal_bsp.a(alt_iic.o)
 .debug_info    0x00000000000062de      0x1ef ../DroneSoftware_bsp/\libhal_bsp.a(alt_iic_isr_register.o)
 .debug_info    0x00000000000064cd      0x4a5 ../DroneSoftware_bsp/\libhal_bsp.a(alt_io_redirect.o)
 .debug_info    0x0000000000006972       0x95 ../DroneSoftware_bsp/\libhal_bsp.a(alt_irq_entry.o)
 .debug_info    0x0000000000006a07      0x187 ../DroneSoftware_bsp/\libhal_bsp.a(alt_irq_handler.o)
 .debug_info    0x0000000000006b8e       0x88 ../DroneSoftware_bsp/\libhal_bsp.a(alt_irq_vars.o)
 .debug_info    0x0000000000006c16      0x3bb ../DroneSoftware_bsp/\libhal_bsp.a(alt_open.o)
 .debug_info    0x0000000000006fd1      0x2b0 ../DroneSoftware_bsp/\libhal_bsp.a(alt_release_fd.o)
 .debug_info    0x0000000000007281      0x299 ../DroneSoftware_bsp/\libhal_bsp.a(alt_tick.o)
 .debug_info    0x000000000000751a       0x92 ../DroneSoftware_bsp/\libhal_bsp.a(altera_nios2_gen2_irq.o)
 .debug_info    0x00000000000075ac       0x9b ../DroneSoftware_bsp/\libhal_bsp.a(alt_exception_entry.o)
 .debug_info    0x0000000000007647      0x2e9 ../DroneSoftware_bsp/\libhal_bsp.a(alt_find_dev.o)
 .debug_info    0x0000000000007930      0x2e6 ../DroneSoftware_bsp/\libhal_bsp.a(alt_find_file.o)
 .debug_info    0x0000000000007c16      0x310 ../DroneSoftware_bsp/\libhal_bsp.a(alt_get_fd.o)
 .debug_info    0x0000000000007f26      0x1e7 ../DroneSoftware_bsp/\libhal_bsp.a(alt_instruction_exception_entry.o)
 .debug_info    0x000000000000810d       0xe5 c:/intelfpga_lite/18.1/nios2eds/bin/gnu/h-x86_64-mingw32/bin/../lib/gcc/nios2-elf/5.3.0/../../../../../H-x86_64-mingw32/nios2-elf/lib/mno-hw-mul\libsmallc.a(lib_a-exit.o)
 .debug_info    0x00000000000081f2       0xf4 c:/intelfpga_lite/18.1/nios2eds/bin/gnu/h-x86_64-mingw32/bin/../lib/gcc/nios2-elf/5.3.0/../../../../../H-x86_64-mingw32/nios2-elf/lib/mno-hw-mul\libsmallc.a(lib_a-memcmp.o)
 .debug_info    0x00000000000082e6      0x119 c:/intelfpga_lite/18.1/nios2eds/bin/gnu/h-x86_64-mingw32/bin/../lib/gcc/nios2-elf/5.3.0/../../../../../H-x86_64-mingw32/nios2-elf/lib/mno-hw-mul\libsmallc.a(lib_a-memcpy.o)
 .debug_info    0x00000000000083ff      0x67b c:/intelfpga_lite/18.1/nios2eds/bin/gnu/h-x86_64-mingw32/bin/../lib/gcc/nios2-elf/5.3.0/../../../../../H-x86_64-mingw32/nios2-elf/lib/mno-hw-mul\libsmallc.a(lib_a-__call_atexit.o)
 .debug_info    0x0000000000008a7a       0xec ../DroneSoftware_bsp/\libhal_bsp.a(alt_exit.o)

.debug_abbrev   0x0000000000000000     0x3141
 *(.debug_abbrev)
 .debug_abbrev  0x0000000000000000       0x12 ../DroneSoftware_bsp//obj/HAL/src/crt0.o
 .debug_abbrev  0x0000000000000012       0x7e obj/default/Drivers/Com_bus.o
 .debug_abbrev  0x0000000000000090       0xd2 obj/default/Drone.o
 .debug_abbrev  0x0000000000000162       0x6f c:/intelfpga_lite/18.1/nios2eds/bin/gnu/h-x86_64-mingw32/bin/../lib/gcc/nios2-elf/5.3.0/mno-hw-mul\libgcc.a(lib2-mul.o)
 .debug_abbrev  0x00000000000001d1      0x1ee c:/intelfpga_lite/18.1/nios2eds/bin/gnu/h-x86_64-mingw32/bin/../lib/gcc/nios2-elf/5.3.0/../../../../../H-x86_64-mingw32/nios2-elf/lib/mno-hw-mul\libsmallc.a(lib_a-printf.o)
 .debug_abbrev  0x00000000000003bf      0x1d6 c:/intelfpga_lite/18.1/nios2eds/bin/gnu/h-x86_64-mingw32/bin/../lib/gcc/nios2-elf/5.3.0/../../../../../H-x86_64-mingw32/nios2-elf/lib/mno-hw-mul\libsmallc.a(lib_a-puts.o)
 .debug_abbrev  0x0000000000000595       0x7f c:/intelfpga_lite/18.1/nios2eds/bin/gnu/h-x86_64-mingw32/bin/../lib/gcc/nios2-elf/5.3.0/../../../../../H-x86_64-mingw32/nios2-elf/lib/mno-hw-mul\libsmallc.a(lib_a-strlen.o)
 .debug_abbrev  0x0000000000000614      0x2a1 c:/intelfpga_lite/18.1/nios2eds/bin/gnu/h-x86_64-mingw32/bin/../lib/gcc/nios2-elf/5.3.0/../../../../../H-x86_64-mingw32/nios2-elf/lib/mno-hw-mul\libsmallc.a(lib_a-vfprintf.o)
 .debug_abbrev  0x00000000000008b5      0x1bc c:/intelfpga_lite/18.1/nios2eds/bin/gnu/h-x86_64-mingw32/bin/../lib/gcc/nios2-elf/5.3.0/../../../../../H-x86_64-mingw32/nios2-elf/lib/mno-hw-mul\libsmallc.a(lib_a-fvwrite_small_dev.o)
 .debug_abbrev  0x0000000000000a71      0x14a c:/intelfpga_lite/18.1/nios2eds/bin/gnu/h-x86_64-mingw32/bin/../lib/gcc/nios2-elf/5.3.0/../../../../../H-x86_64-mingw32/nios2-elf/lib/mno-hw-mul\libsmallc.a(lib_a-impure.o)
 .debug_abbrev  0x0000000000000bbb      0x1a6 c:/intelfpga_lite/18.1/nios2eds/bin/gnu/h-x86_64-mingw32/bin/../lib/gcc/nios2-elf/5.3.0/../../../../../H-x86_64-mingw32/nios2-elf/lib/mno-hw-mul\libsmallc.a(lib_a-writer.o)
 .debug_abbrev  0x0000000000000d61       0x37 c:/intelfpga_lite/18.1/nios2eds/bin/gnu/h-x86_64-mingw32/bin/../lib/gcc/nios2-elf/5.3.0/../../../../../H-x86_64-mingw32/nios2-elf/lib/mno-hw-mul\libsmallc.a(lib_a-int_errno.o)
 .debug_abbrev  0x0000000000000d98      0x10e c:/intelfpga_lite/18.1/nios2eds/bin/gnu/h-x86_64-mingw32/bin/../lib/gcc/nios2-elf/5.3.0/mno-hw-mul\libgcc.a(lib2-divmod.o)
 .debug_abbrev  0x0000000000000ea6       0x9f ../DroneSoftware_bsp/\libhal_bsp.a(alt_load.o)
 .debug_abbrev  0x0000000000000f45       0xba ../DroneSoftware_bsp/\libhal_bsp.a(alt_main.o)
 .debug_abbrev  0x0000000000000fff       0x60 ../DroneSoftware_bsp/\libhal_bsp.a(alt_usleep.o)
 .debug_abbrev  0x000000000000105f      0x133 ../DroneSoftware_bsp/\libhal_bsp.a(alt_write.o)
 .debug_abbrev  0x0000000000001192      0x187 ../DroneSoftware_bsp/\libhal_bsp.a(alt_sys_init.o)
 .debug_abbrev  0x0000000000001319      0x127 ../DroneSoftware_bsp/\libhal_bsp.a(altera_avalon_jtag_uart_fd.o)
 .debug_abbrev  0x0000000000001440      0x19e ../DroneSoftware_bsp/\libhal_bsp.a(altera_avalon_jtag_uart_init.o)
 .debug_abbrev  0x00000000000015de      0x111 ../DroneSoftware_bsp/\libhal_bsp.a(altera_avalon_jtag_uart_ioctl.o)
 .debug_abbrev  0x00000000000016ef      0x1aa ../DroneSoftware_bsp/\libhal_bsp.a(altera_avalon_jtag_uart_read.o)
 .debug_abbrev  0x0000000000001899      0x1a8 ../DroneSoftware_bsp/\libhal_bsp.a(altera_avalon_jtag_uart_write.o)
 .debug_abbrev  0x0000000000001a41      0x162 ../DroneSoftware_bsp/\libhal_bsp.a(alt_alarm_start.o)
 .debug_abbrev  0x0000000000001ba3       0x7e ../DroneSoftware_bsp/\libhal_bsp.a(alt_busy_sleep.o)
 .debug_abbrev  0x0000000000001c21      0x11f ../DroneSoftware_bsp/\libhal_bsp.a(alt_close.o)
 .debug_abbrev  0x0000000000001d40       0x42 ../DroneSoftware_bsp/\libhal_bsp.a(alt_dcache_flush_all.o)
 .debug_abbrev  0x0000000000001d82       0xd9 ../DroneSoftware_bsp/\libhal_bsp.a(alt_dev.o)
 .debug_abbrev  0x0000000000001e5b      0x114 ../DroneSoftware_bsp/\libhal_bsp.a(alt_dev_llist_insert.o)
 .debug_abbrev  0x0000000000001f6f       0x5a ../DroneSoftware_bsp/\libhal_bsp.a(alt_errno.o)
 .debug_abbrev  0x0000000000001fc9       0x42 ../DroneSoftware_bsp/\libhal_bsp.a(alt_icache_flush_all.o)
 .debug_abbrev  0x000000000000200b      0x163 ../DroneSoftware_bsp/\libhal_bsp.a(alt_iic.o)
 .debug_abbrev  0x000000000000216e      0x169 ../DroneSoftware_bsp/\libhal_bsp.a(alt_iic_isr_register.o)
 .debug_abbrev  0x00000000000022d7      0x114 ../DroneSoftware_bsp/\libhal_bsp.a(alt_io_redirect.o)
 .debug_abbrev  0x00000000000023eb       0x12 ../DroneSoftware_bsp/\libhal_bsp.a(alt_irq_entry.o)
 .debug_abbrev  0x00000000000023fd      0x122 ../DroneSoftware_bsp/\libhal_bsp.a(alt_irq_handler.o)
 .debug_abbrev  0x000000000000251f       0x40 ../DroneSoftware_bsp/\libhal_bsp.a(alt_irq_vars.o)
 .debug_abbrev  0x000000000000255f      0x148 ../DroneSoftware_bsp/\libhal_bsp.a(alt_open.o)
 .debug_abbrev  0x00000000000026a7       0xde ../DroneSoftware_bsp/\libhal_bsp.a(alt_release_fd.o)
 .debug_abbrev  0x0000000000002785      0x15a ../DroneSoftware_bsp/\libhal_bsp.a(alt_tick.o)
 .debug_abbrev  0x00000000000028df       0x42 ../DroneSoftware_bsp/\libhal_bsp.a(altera_nios2_gen2_irq.o)
 .debug_abbrev  0x0000000000002921       0x12 ../DroneSoftware_bsp/\libhal_bsp.a(alt_exception_entry.o)
 .debug_abbrev  0x0000000000002933       0xf0 ../DroneSoftware_bsp/\libhal_bsp.a(alt_find_dev.o)
 .debug_abbrev  0x0000000000002a23       0xf0 ../DroneSoftware_bsp/\libhal_bsp.a(alt_find_file.o)
 .debug_abbrev  0x0000000000002b13      0x10d ../DroneSoftware_bsp/\libhal_bsp.a(alt_get_fd.o)
 .debug_abbrev  0x0000000000002c20       0xdc ../DroneSoftware_bsp/\libhal_bsp.a(alt_instruction_exception_entry.o)
 .debug_abbrev  0x0000000000002cfc       0x8b c:/intelfpga_lite/18.1/nios2eds/bin/gnu/h-x86_64-mingw32/bin/../lib/gcc/nios2-elf/5.3.0/../../../../../H-x86_64-mingw32/nios2-elf/lib/mno-hw-mul\libsmallc.a(lib_a-exit.o)
 .debug_abbrev  0x0000000000002d87       0x7f c:/intelfpga_lite/18.1/nios2eds/bin/gnu/h-x86_64-mingw32/bin/../lib/gcc/nios2-elf/5.3.0/../../../../../H-x86_64-mingw32/nios2-elf/lib/mno-hw-mul\libsmallc.a(lib_a-memcmp.o)
 .debug_abbrev  0x0000000000002e06       0x9c c:/intelfpga_lite/18.1/nios2eds/bin/gnu/h-x86_64-mingw32/bin/../lib/gcc/nios2-elf/5.3.0/../../../../../H-x86_64-mingw32/nios2-elf/lib/mno-hw-mul\libsmallc.a(lib_a-memcpy.o)
 .debug_abbrev  0x0000000000002ea2      0x1f6 c:/intelfpga_lite/18.1/nios2eds/bin/gnu/h-x86_64-mingw32/bin/../lib/gcc/nios2-elf/5.3.0/../../../../../H-x86_64-mingw32/nios2-elf/lib/mno-hw-mul\libsmallc.a(lib_a-__call_atexit.o)
 .debug_abbrev  0x0000000000003098       0xa9 ../DroneSoftware_bsp/\libhal_bsp.a(alt_exit.o)

.debug_line     0x0000000000000000     0x34be
 *(.debug_line)
 .debug_line    0x0000000000000000       0x66 ../DroneSoftware_bsp//obj/HAL/src/crt0.o
 .debug_line    0x0000000000000066       0x4c obj/default/Drivers/Com_bus.o
 .debug_line    0x00000000000000b2       0xc2 obj/default/Drone.o
 .debug_line    0x0000000000000174       0x80 c:/intelfpga_lite/18.1/nios2eds/bin/gnu/h-x86_64-mingw32/bin/../lib/gcc/nios2-elf/5.3.0/mno-hw-mul\libgcc.a(lib2-mul.o)
 .debug_line    0x00000000000001f4      0x203 c:/intelfpga_lite/18.1/nios2eds/bin/gnu/h-x86_64-mingw32/bin/../lib/gcc/nios2-elf/5.3.0/../../../../../H-x86_64-mingw32/nios2-elf/lib/mno-hw-mul\libsmallc.a(lib_a-printf.o)
 .debug_line    0x00000000000003f7      0x206 c:/intelfpga_lite/18.1/nios2eds/bin/gnu/h-x86_64-mingw32/bin/../lib/gcc/nios2-elf/5.3.0/../../../../../H-x86_64-mingw32/nios2-elf/lib/mno-hw-mul\libsmallc.a(lib_a-puts.o)
 .debug_line    0x00000000000005fd      0x15c c:/intelfpga_lite/18.1/nios2eds/bin/gnu/h-x86_64-mingw32/bin/../lib/gcc/nios2-elf/5.3.0/../../../../../H-x86_64-mingw32/nios2-elf/lib/mno-hw-mul\libsmallc.a(lib_a-strlen.o)
 .debug_line    0x0000000000000759      0x351 c:/intelfpga_lite/18.1/nios2eds/bin/gnu/h-x86_64-mingw32/bin/../lib/gcc/nios2-elf/5.3.0/../../../../../H-x86_64-mingw32/nios2-elf/lib/mno-hw-mul\libsmallc.a(lib_a-vfprintf.o)
 .debug_line    0x0000000000000aaa      0x1f0 c:/intelfpga_lite/18.1/nios2eds/bin/gnu/h-x86_64-mingw32/bin/../lib/gcc/nios2-elf/5.3.0/../../../../../H-x86_64-mingw32/nios2-elf/lib/mno-hw-mul\libsmallc.a(lib_a-fvwrite_small_dev.o)
 .debug_line    0x0000000000000c9a      0x156 c:/intelfpga_lite/18.1/nios2eds/bin/gnu/h-x86_64-mingw32/bin/../lib/gcc/nios2-elf/5.3.0/../../../../../H-x86_64-mingw32/nios2-elf/lib/mno-hw-mul\libsmallc.a(lib_a-impure.o)
 .debug_line    0x0000000000000df0      0x1ed c:/intelfpga_lite/18.1/nios2eds/bin/gnu/h-x86_64-mingw32/bin/../lib/gcc/nios2-elf/5.3.0/../../../../../H-x86_64-mingw32/nios2-elf/lib/mno-hw-mul\libsmallc.a(lib_a-writer.o)
 .debug_line    0x0000000000000fdd       0x5f c:/intelfpga_lite/18.1/nios2eds/bin/gnu/h-x86_64-mingw32/bin/../lib/gcc/nios2-elf/5.3.0/../../../../../H-x86_64-mingw32/nios2-elf/lib/mno-hw-mul\libsmallc.a(lib_a-int_errno.o)
 .debug_line    0x000000000000103c      0x105 c:/intelfpga_lite/18.1/nios2eds/bin/gnu/h-x86_64-mingw32/bin/../lib/gcc/nios2-elf/5.3.0/mno-hw-mul\libgcc.a(lib2-divmod.o)
 .debug_line    0x0000000000001141       0x8e ../DroneSoftware_bsp/\libhal_bsp.a(alt_load.o)
 .debug_line    0x00000000000011cf       0x9e ../DroneSoftware_bsp/\libhal_bsp.a(alt_main.o)
 .debug_line    0x000000000000126d       0xad ../DroneSoftware_bsp/\libhal_bsp.a(alt_usleep.o)
 .debug_line    0x000000000000131a      0x1db ../DroneSoftware_bsp/\libhal_bsp.a(alt_write.o)
 .debug_line    0x00000000000014f5      0x137 ../DroneSoftware_bsp/\libhal_bsp.a(alt_sys_init.o)
 .debug_line    0x000000000000162c      0x12f ../DroneSoftware_bsp/\libhal_bsp.a(altera_avalon_jtag_uart_fd.o)
 .debug_line    0x000000000000175b      0x18b ../DroneSoftware_bsp/\libhal_bsp.a(altera_avalon_jtag_uart_init.o)
 .debug_line    0x00000000000018e6      0x131 ../DroneSoftware_bsp/\libhal_bsp.a(altera_avalon_jtag_uart_ioctl.o)
 .debug_line    0x0000000000001a17      0x171 ../DroneSoftware_bsp/\libhal_bsp.a(altera_avalon_jtag_uart_read.o)
 .debug_line    0x0000000000001b88      0x170 ../DroneSoftware_bsp/\libhal_bsp.a(altera_avalon_jtag_uart_write.o)
 .debug_line    0x0000000000001cf8       0xf9 ../DroneSoftware_bsp/\libhal_bsp.a(alt_alarm_start.o)
 .debug_line    0x0000000000001df1       0xa2 ../DroneSoftware_bsp/\libhal_bsp.a(alt_busy_sleep.o)
 .debug_line    0x0000000000001e93      0x165 ../DroneSoftware_bsp/\libhal_bsp.a(alt_close.o)
 .debug_line    0x0000000000001ff8       0x51 ../DroneSoftware_bsp/\libhal_bsp.a(alt_dcache_flush_all.o)
 .debug_line    0x0000000000002049       0xf8 ../DroneSoftware_bsp/\libhal_bsp.a(alt_dev.o)
 .debug_line    0x0000000000002141       0xcf ../DroneSoftware_bsp/\libhal_bsp.a(alt_dev_llist_insert.o)
 .debug_line    0x0000000000002210       0x51 ../DroneSoftware_bsp/\libhal_bsp.a(alt_errno.o)
 .debug_line    0x0000000000002261       0x4f ../DroneSoftware_bsp/\libhal_bsp.a(alt_icache_flush_all.o)
 .debug_line    0x00000000000022b0       0xeb ../DroneSoftware_bsp/\libhal_bsp.a(alt_iic.o)
 .debug_line    0x000000000000239b       0xdb ../DroneSoftware_bsp/\libhal_bsp.a(alt_iic_isr_register.o)
 .debug_line    0x0000000000002476      0x135 ../DroneSoftware_bsp/\libhal_bsp.a(alt_io_redirect.o)
 .debug_line    0x00000000000025ab       0x6b ../DroneSoftware_bsp/\libhal_bsp.a(alt_irq_entry.o)
 .debug_line    0x0000000000002616       0xaa ../DroneSoftware_bsp/\libhal_bsp.a(alt_irq_handler.o)
 .debug_line    0x00000000000026c0       0x50 ../DroneSoftware_bsp/\libhal_bsp.a(alt_irq_vars.o)
 .debug_line    0x0000000000002710      0x12b ../DroneSoftware_bsp/\libhal_bsp.a(alt_open.o)
 .debug_line    0x000000000000283b       0xb0 ../DroneSoftware_bsp/\libhal_bsp.a(alt_release_fd.o)
 .debug_line    0x00000000000028eb       0xff ../DroneSoftware_bsp/\libhal_bsp.a(alt_tick.o)
 .debug_line    0x00000000000029ea       0x51 ../DroneSoftware_bsp/\libhal_bsp.a(altera_nios2_gen2_irq.o)
 .debug_line    0x0000000000002a3b       0xb3 ../DroneSoftware_bsp/\libhal_bsp.a(alt_exception_entry.o)
 .debug_line    0x0000000000002aee       0xb5 ../DroneSoftware_bsp/\libhal_bsp.a(alt_find_dev.o)
 .debug_line    0x0000000000002ba3       0xd1 ../DroneSoftware_bsp/\libhal_bsp.a(alt_find_file.o)
 .debug_line    0x0000000000002c74       0xd7 ../DroneSoftware_bsp/\libhal_bsp.a(alt_get_fd.o)
 .debug_line    0x0000000000002d4b       0xb9 ../DroneSoftware_bsp/\libhal_bsp.a(alt_instruction_exception_entry.o)
 .debug_line    0x0000000000002e04      0x159 c:/intelfpga_lite/18.1/nios2eds/bin/gnu/h-x86_64-mingw32/bin/../lib/gcc/nios2-elf/5.3.0/../../../../../H-x86_64-mingw32/nios2-elf/lib/mno-hw-mul\libsmallc.a(lib_a-exit.o)
 .debug_line    0x0000000000002f5d      0x160 c:/intelfpga_lite/18.1/nios2eds/bin/gnu/h-x86_64-mingw32/bin/../lib/gcc/nios2-elf/5.3.0/../../../../../H-x86_64-mingw32/nios2-elf/lib/mno-hw-mul\libsmallc.a(lib_a-memcmp.o)
 .debug_line    0x00000000000030bd      0x15e c:/intelfpga_lite/18.1/nios2eds/bin/gnu/h-x86_64-mingw32/bin/../lib/gcc/nios2-elf/5.3.0/../../../../../H-x86_64-mingw32/nios2-elf/lib/mno-hw-mul\libsmallc.a(lib_a-memcpy.o)
 .debug_line    0x000000000000321b      0x232 c:/intelfpga_lite/18.1/nios2eds/bin/gnu/h-x86_64-mingw32/bin/../lib/gcc/nios2-elf/5.3.0/../../../../../H-x86_64-mingw32/nios2-elf/lib/mno-hw-mul\libsmallc.a(lib_a-__call_atexit.o)
 .debug_line    0x000000000000344d       0x71 ../DroneSoftware_bsp/\libhal_bsp.a(alt_exit.o)

.debug_frame    0x0000000000000000      0xd60
 *(.debug_frame)
 .debug_frame   0x0000000000000000       0x7c obj/default/Drivers/Com_bus.o
 .debug_frame   0x000000000000007c       0x80 obj/default/Drone.o
 .debug_frame   0x00000000000000fc       0x20 c:/intelfpga_lite/18.1/nios2eds/bin/gnu/h-x86_64-mingw32/bin/../lib/gcc/nios2-elf/5.3.0/mno-hw-mul\libgcc.a(lib2-mul.o)
 .debug_frame   0x000000000000011c       0x48 c:/intelfpga_lite/18.1/nios2eds/bin/gnu/h-x86_64-mingw32/bin/../lib/gcc/nios2-elf/5.3.0/../../../../../H-x86_64-mingw32/nios2-elf/lib/mno-hw-mul\libsmallc.a(lib_a-printf.o)
 .debug_frame   0x0000000000000164       0x48 c:/intelfpga_lite/18.1/nios2eds/bin/gnu/h-x86_64-mingw32/bin/../lib/gcc/nios2-elf/5.3.0/../../../../../H-x86_64-mingw32/nios2-elf/lib/mno-hw-mul\libsmallc.a(lib_a-puts.o)
 .debug_frame   0x00000000000001ac       0x20 c:/intelfpga_lite/18.1/nios2eds/bin/gnu/h-x86_64-mingw32/bin/../lib/gcc/nios2-elf/5.3.0/../../../../../H-x86_64-mingw32/nios2-elf/lib/mno-hw-mul\libsmallc.a(lib_a-strlen.o)
 .debug_frame   0x00000000000001cc       0x8c c:/intelfpga_lite/18.1/nios2eds/bin/gnu/h-x86_64-mingw32/bin/../lib/gcc/nios2-elf/5.3.0/../../../../../H-x86_64-mingw32/nios2-elf/lib/mno-hw-mul\libsmallc.a(lib_a-vfprintf.o)
 .debug_frame   0x0000000000000258       0x58 c:/intelfpga_lite/18.1/nios2eds/bin/gnu/h-x86_64-mingw32/bin/../lib/gcc/nios2-elf/5.3.0/../../../../../H-x86_64-mingw32/nios2-elf/lib/mno-hw-mul\libsmallc.a(lib_a-fvwrite_small_dev.o)
 .debug_frame   0x00000000000002b0       0x38 c:/intelfpga_lite/18.1/nios2eds/bin/gnu/h-x86_64-mingw32/bin/../lib/gcc/nios2-elf/5.3.0/../../../../../H-x86_64-mingw32/nios2-elf/lib/mno-hw-mul\libsmallc.a(lib_a-writer.o)
 .debug_frame   0x00000000000002e8       0x50 c:/intelfpga_lite/18.1/nios2eds/bin/gnu/h-x86_64-mingw32/bin/../lib/gcc/nios2-elf/5.3.0/mno-hw-mul\libgcc.a(lib2-divmod.o)
 .debug_frame   0x0000000000000338       0x5c ../DroneSoftware_bsp/\libhal_bsp.a(alt_load.o)
 .debug_frame   0x0000000000000394       0x2c ../DroneSoftware_bsp/\libhal_bsp.a(alt_main.o)
 .debug_frame   0x00000000000003c0       0x38 ../DroneSoftware_bsp/\libhal_bsp.a(alt_usleep.o)
 .debug_frame   0x00000000000003f8       0x60 ../DroneSoftware_bsp/\libhal_bsp.a(alt_write.o)
 .debug_frame   0x0000000000000458       0x88 ../DroneSoftware_bsp/\libhal_bsp.a(alt_sys_init.o)
 .debug_frame   0x00000000000004e0       0xb0 ../DroneSoftware_bsp/\libhal_bsp.a(altera_avalon_jtag_uart_fd.o)
 .debug_frame   0x0000000000000590       0xa4 ../DroneSoftware_bsp/\libhal_bsp.a(altera_avalon_jtag_uart_init.o)
 .debug_frame   0x0000000000000634       0x34 ../DroneSoftware_bsp/\libhal_bsp.a(altera_avalon_jtag_uart_ioctl.o)
 .debug_frame   0x0000000000000668       0x38 ../DroneSoftware_bsp/\libhal_bsp.a(altera_avalon_jtag_uart_read.o)
 .debug_frame   0x00000000000006a0       0x38 ../DroneSoftware_bsp/\libhal_bsp.a(altera_avalon_jtag_uart_write.o)
 .debug_frame   0x00000000000006d8       0x34 ../DroneSoftware_bsp/\libhal_bsp.a(alt_alarm_start.o)
 .debug_frame   0x000000000000070c       0x38 ../DroneSoftware_bsp/\libhal_bsp.a(alt_busy_sleep.o)
 .debug_frame   0x0000000000000744       0x60 ../DroneSoftware_bsp/\libhal_bsp.a(alt_close.o)
 .debug_frame   0x00000000000007a4       0x34 ../DroneSoftware_bsp/\libhal_bsp.a(alt_dcache_flush_all.o)
 .debug_frame   0x00000000000007d8       0x34 ../DroneSoftware_bsp/\libhal_bsp.a(alt_dev.o)
 .debug_frame   0x000000000000080c       0x60 ../DroneSoftware_bsp/\libhal_bsp.a(alt_dev_llist_insert.o)
 .debug_frame   0x000000000000086c       0x34 ../DroneSoftware_bsp/\libhal_bsp.a(alt_icache_flush_all.o)
 .debug_frame   0x00000000000008a0       0xa4 ../DroneSoftware_bsp/\libhal_bsp.a(alt_iic.o)
 .debug_frame   0x0000000000000944       0x38 ../DroneSoftware_bsp/\libhal_bsp.a(alt_iic_isr_register.o)
 .debug_frame   0x000000000000097c       0x64 ../DroneSoftware_bsp/\libhal_bsp.a(alt_io_redirect.o)
 .debug_frame   0x00000000000009e0       0x38 ../DroneSoftware_bsp/\libhal_bsp.a(alt_irq_handler.o)
 .debug_frame   0x0000000000000a18       0x8c ../DroneSoftware_bsp/\libhal_bsp.a(alt_open.o)
 .debug_frame   0x0000000000000aa4       0x3c ../DroneSoftware_bsp/\libhal_bsp.a(alt_release_fd.o)
 .debug_frame   0x0000000000000ae0       0x5c ../DroneSoftware_bsp/\libhal_bsp.a(alt_tick.o)
 .debug_frame   0x0000000000000b3c       0x34 ../DroneSoftware_bsp/\libhal_bsp.a(altera_nios2_gen2_irq.o)
 .debug_frame   0x0000000000000b70       0x38 ../DroneSoftware_bsp/\libhal_bsp.a(alt_find_dev.o)
 .debug_frame   0x0000000000000ba8       0x38 ../DroneSoftware_bsp/\libhal_bsp.a(alt_find_file.o)
 .debug_frame   0x0000000000000be0       0x3c ../DroneSoftware_bsp/\libhal_bsp.a(alt_get_fd.o)
 .debug_frame   0x0000000000000c1c       0x5c ../DroneSoftware_bsp/\libhal_bsp.a(alt_instruction_exception_entry.o)
 .debug_frame   0x0000000000000c78       0x28 c:/intelfpga_lite/18.1/nios2eds/bin/gnu/h-x86_64-mingw32/bin/../lib/gcc/nios2-elf/5.3.0/../../../../../H-x86_64-mingw32/nios2-elf/lib/mno-hw-mul\libsmallc.a(lib_a-exit.o)
 .debug_frame   0x0000000000000ca0       0x20 c:/intelfpga_lite/18.1/nios2eds/bin/gnu/h-x86_64-mingw32/bin/../lib/gcc/nios2-elf/5.3.0/../../../../../H-x86_64-mingw32/nios2-elf/lib/mno-hw-mul\libsmallc.a(lib_a-memcmp.o)
 .debug_frame   0x0000000000000cc0       0x20 c:/intelfpga_lite/18.1/nios2eds/bin/gnu/h-x86_64-mingw32/bin/../lib/gcc/nios2-elf/5.3.0/../../../../../H-x86_64-mingw32/nios2-elf/lib/mno-hw-mul\libsmallc.a(lib_a-memcpy.o)
 .debug_frame   0x0000000000000ce0       0x54 c:/intelfpga_lite/18.1/nios2eds/bin/gnu/h-x86_64-mingw32/bin/../lib/gcc/nios2-elf/5.3.0/../../../../../H-x86_64-mingw32/nios2-elf/lib/mno-hw-mul\libsmallc.a(lib_a-__call_atexit.o)
 .debug_frame   0x0000000000000d34       0x2c ../DroneSoftware_bsp/\libhal_bsp.a(alt_exit.o)

.debug_str      0x0000000000000000     0x1f77
 *(.debug_str)
 .debug_str     0x0000000000000000       0xe5 obj/default/Drivers/Com_bus.o
                                         0xf7 (size before relaxing)
 .debug_str     0x00000000000000e5      0x11b obj/default/Drone.o
                                        0x203 (size before relaxing)
 .debug_str     0x0000000000000200      0x148 c:/intelfpga_lite/18.1/nios2eds/bin/gnu/h-x86_64-mingw32/bin/../lib/gcc/nios2-elf/5.3.0/mno-hw-mul\libgcc.a(lib2-mul.o)
                                        0x193 (size before relaxing)
 .debug_str     0x0000000000000348      0x429 c:/intelfpga_lite/18.1/nios2eds/bin/gnu/h-x86_64-mingw32/bin/../lib/gcc/nios2-elf/5.3.0/../../../../../H-x86_64-mingw32/nios2-elf/lib/mno-hw-mul\libsmallc.a(lib_a-printf.o)
                                        0x504 (size before relaxing)
 .debug_str     0x0000000000000771       0x63 c:/intelfpga_lite/18.1/nios2eds/bin/gnu/h-x86_64-mingw32/bin/../lib/gcc/nios2-elf/5.3.0/../../../../../H-x86_64-mingw32/nios2-elf/lib/mno-hw-mul\libsmallc.a(lib_a-puts.o)
                                        0x4cd (size before relaxing)
 .debug_str     0x00000000000007d4       0xd2 c:/intelfpga_lite/18.1/nios2eds/bin/gnu/h-x86_64-mingw32/bin/../lib/gcc/nios2-elf/5.3.0/../../../../../H-x86_64-mingw32/nios2-elf/lib/mno-hw-mul\libsmallc.a(lib_a-strlen.o)
                                        0x1e5 (size before relaxing)
 .debug_str     0x00000000000008a6      0x1f8 c:/intelfpga_lite/18.1/nios2eds/bin/gnu/h-x86_64-mingw32/bin/../lib/gcc/nios2-elf/5.3.0/../../../../../H-x86_64-mingw32/nios2-elf/lib/mno-hw-mul\libsmallc.a(lib_a-vfprintf.o)
                                        0x67f (size before relaxing)
 .debug_str     0x0000000000000a9e       0x63 c:/intelfpga_lite/18.1/nios2eds/bin/gnu/h-x86_64-mingw32/bin/../lib/gcc/nios2-elf/5.3.0/../../../../../H-x86_64-mingw32/nios2-elf/lib/mno-hw-mul\libsmallc.a(lib_a-fvwrite_small_dev.o)
                                        0x4d4 (size before relaxing)
 .debug_str     0x0000000000000b01       0xef c:/intelfpga_lite/18.1/nios2eds/bin/gnu/h-x86_64-mingw32/bin/../lib/gcc/nios2-elf/5.3.0/../../../../../H-x86_64-mingw32/nios2-elf/lib/mno-hw-mul\libsmallc.a(lib_a-impure.o)
                                        0x4be (size before relaxing)
 .debug_str     0x0000000000000bf0       0x45 c:/intelfpga_lite/18.1/nios2eds/bin/gnu/h-x86_64-mingw32/bin/../lib/gcc/nios2-elf/5.3.0/../../../../../H-x86_64-mingw32/nios2-elf/lib/mno-hw-mul\libsmallc.a(lib_a-writer.o)
                                        0x4b8 (size before relaxing)
 .debug_str     0x0000000000000c35       0x3f c:/intelfpga_lite/18.1/nios2eds/bin/gnu/h-x86_64-mingw32/bin/../lib/gcc/nios2-elf/5.3.0/../../../../../H-x86_64-mingw32/nios2-elf/lib/mno-hw-mul\libsmallc.a(lib_a-int_errno.o)
                                        0x1d8 (size before relaxing)
 .debug_str     0x0000000000000c74       0x7f c:/intelfpga_lite/18.1/nios2eds/bin/gnu/h-x86_64-mingw32/bin/../lib/gcc/nios2-elf/5.3.0/mno-hw-mul\libgcc.a(lib2-divmod.o)
                                        0x1d2 (size before relaxing)
 .debug_str     0x0000000000000cf3      0x149 ../DroneSoftware_bsp/\libhal_bsp.a(alt_load.o)
                                        0x230 (size before relaxing)
 .debug_str     0x0000000000000e3c       0x70 ../DroneSoftware_bsp/\libhal_bsp.a(alt_main.o)
                                        0x1bb (size before relaxing)
 .debug_str     0x0000000000000eac       0x20 ../DroneSoftware_bsp/\libhal_bsp.a(alt_usleep.o)
                                        0x166 (size before relaxing)
 .debug_str     0x0000000000000ecc      0x15a ../DroneSoftware_bsp/\libhal_bsp.a(alt_write.o)
                                        0x316 (size before relaxing)
 .debug_str     0x0000000000001026      0x15a ../DroneSoftware_bsp/\libhal_bsp.a(alt_sys_init.o)
                                        0x376 (size before relaxing)
 .debug_str     0x0000000000001180       0xb9 ../DroneSoftware_bsp/\libhal_bsp.a(altera_avalon_jtag_uart_fd.o)
                                        0x3c2 (size before relaxing)
 .debug_str     0x0000000000001239       0xd1 ../DroneSoftware_bsp/\libhal_bsp.a(altera_avalon_jtag_uart_init.o)
                                        0x356 (size before relaxing)
 .debug_str     0x000000000000130a       0x4a ../DroneSoftware_bsp/\libhal_bsp.a(altera_avalon_jtag_uart_ioctl.o)
                                        0x2b1 (size before relaxing)
 .debug_str     0x0000000000001354       0x7f ../DroneSoftware_bsp/\libhal_bsp.a(altera_avalon_jtag_uart_read.o)
                                        0x306 (size before relaxing)
 .debug_str     0x00000000000013d3       0x4a ../DroneSoftware_bsp/\libhal_bsp.a(altera_avalon_jtag_uart_write.o)
                                        0x307 (size before relaxing)
 .debug_str     0x000000000000141d       0x59 ../DroneSoftware_bsp/\libhal_bsp.a(alt_alarm_start.o)
                                        0x29c (size before relaxing)
 .debug_str     0x0000000000001476       0x42 ../DroneSoftware_bsp/\libhal_bsp.a(alt_busy_sleep.o)
                                        0x189 (size before relaxing)
 .debug_str     0x00000000000014b8       0x1b ../DroneSoftware_bsp/\libhal_bsp.a(alt_close.o)
                                        0x229 (size before relaxing)
 .debug_str     0x00000000000014d3       0x34 ../DroneSoftware_bsp/\libhal_bsp.a(alt_dcache_flush_all.o)
                                        0x173 (size before relaxing)
 .debug_str     0x0000000000001507       0x50 ../DroneSoftware_bsp/\libhal_bsp.a(alt_dev.o)
                                        0x323 (size before relaxing)
 .debug_str     0x0000000000001557       0x34 ../DroneSoftware_bsp/\libhal_bsp.a(alt_dev_llist_insert.o)
                                        0x1ea (size before relaxing)
 .debug_str     0x000000000000158b       0x14 ../DroneSoftware_bsp/\libhal_bsp.a(alt_errno.o)
                                        0x163 (size before relaxing)
 .debug_str     0x000000000000159f       0x34 ../DroneSoftware_bsp/\libhal_bsp.a(alt_icache_flush_all.o)
                                        0x173 (size before relaxing)
 .debug_str     0x00000000000015d3       0xc4 ../DroneSoftware_bsp/\libhal_bsp.a(alt_iic.o)
                                        0x25c (size before relaxing)
 .debug_str     0x0000000000001697       0x4c ../DroneSoftware_bsp/\libhal_bsp.a(alt_iic_isr_register.o)
                                        0x206 (size before relaxing)
 .debug_str     0x00000000000016e3       0x56 ../DroneSoftware_bsp/\libhal_bsp.a(alt_io_redirect.o)
                                        0x334 (size before relaxing)
 .debug_str     0x0000000000001739       0x3a ../DroneSoftware_bsp/\libhal_bsp.a(alt_irq_handler.o)
                                        0x1b5 (size before relaxing)
 .debug_str     0x0000000000001773       0x17 ../DroneSoftware_bsp/\libhal_bsp.a(alt_irq_vars.o)
                                        0x158 (size before relaxing)
 .debug_str     0x000000000000178a       0x2f ../DroneSoftware_bsp/\libhal_bsp.a(alt_open.o)
                                        0x269 (size before relaxing)
 .debug_str     0x00000000000017b9       0x28 ../DroneSoftware_bsp/\libhal_bsp.a(alt_release_fd.o)
                                        0x1f1 (size before relaxing)
 .debug_str     0x00000000000017e1       0x4a ../DroneSoftware_bsp/\libhal_bsp.a(alt_tick.o)
                                        0x270 (size before relaxing)
 .debug_str     0x000000000000182b       0x3b ../DroneSoftware_bsp/\libhal_bsp.a(altera_nios2_gen2_irq.o)
                                        0x17a (size before relaxing)
 .debug_str     0x0000000000001866       0x24 ../DroneSoftware_bsp/\libhal_bsp.a(alt_find_dev.o)
                                        0x20a (size before relaxing)
 .debug_str     0x000000000000188a       0x26 ../DroneSoftware_bsp/\libhal_bsp.a(alt_find_file.o)
                                        0x218 (size before relaxing)
 .debug_str     0x00000000000018b0       0x30 ../DroneSoftware_bsp/\libhal_bsp.a(alt_get_fd.o)
                                        0x23a (size before relaxing)
 .debug_str     0x00000000000018e0      0x48b ../DroneSoftware_bsp/\libhal_bsp.a(alt_instruction_exception_entry.o)
                                        0x5be (size before relaxing)
 .debug_str     0x0000000000001d6b       0xe1 c:/intelfpga_lite/18.1/nios2eds/bin/gnu/h-x86_64-mingw32/bin/../lib/gcc/nios2-elf/5.3.0/../../../../../H-x86_64-mingw32/nios2-elf/lib/mno-hw-mul\libsmallc.a(lib_a-exit.o)
                                        0x1f0 (size before relaxing)
 .debug_str     0x0000000000001e4c       0x44 c:/intelfpga_lite/18.1/nios2eds/bin/gnu/h-x86_64-mingw32/bin/../lib/gcc/nios2-elf/5.3.0/../../../../../H-x86_64-mingw32/nios2-elf/lib/mno-hw-mul\libsmallc.a(lib_a-memcmp.o)
                                        0x1df (size before relaxing)
 .debug_str     0x0000000000001e90       0x58 c:/intelfpga_lite/18.1/nios2eds/bin/gnu/h-x86_64-mingw32/bin/../lib/gcc/nios2-elf/5.3.0/../../../../../H-x86_64-mingw32/nios2-elf/lib/mno-hw-mul\libsmallc.a(lib_a-memcpy.o)
                                        0x1f3 (size before relaxing)
 .debug_str     0x0000000000001ee8       0x65 c:/intelfpga_lite/18.1/nios2eds/bin/gnu/h-x86_64-mingw32/bin/../lib/gcc/nios2-elf/5.3.0/../../../../../H-x86_64-mingw32/nios2-elf/lib/mno-hw-mul\libsmallc.a(lib_a-__call_atexit.o)
                                        0x4eb (size before relaxing)
 .debug_str     0x0000000000001f4d       0x2a ../DroneSoftware_bsp/\libhal_bsp.a(alt_exit.o)
                                        0x16f (size before relaxing)

.debug_loc      0x0000000000000000     0x1523
 *(.debug_loc)
 .debug_loc     0x0000000000000000       0x93 c:/intelfpga_lite/18.1/nios2eds/bin/gnu/h-x86_64-mingw32/bin/../lib/gcc/nios2-elf/5.3.0/mno-hw-mul\libgcc.a(lib2-mul.o)
 .debug_loc     0x0000000000000093       0xc6 c:/intelfpga_lite/18.1/nios2eds/bin/gnu/h-x86_64-mingw32/bin/../lib/gcc/nios2-elf/5.3.0/../../../../../H-x86_64-mingw32/nios2-elf/lib/mno-hw-mul\libsmallc.a(lib_a-printf.o)
 .debug_loc     0x0000000000000159       0x97 c:/intelfpga_lite/18.1/nios2eds/bin/gnu/h-x86_64-mingw32/bin/../lib/gcc/nios2-elf/5.3.0/../../../../../H-x86_64-mingw32/nios2-elf/lib/mno-hw-mul\libsmallc.a(lib_a-puts.o)
 .debug_loc     0x00000000000001f0       0x1e c:/intelfpga_lite/18.1/nios2eds/bin/gnu/h-x86_64-mingw32/bin/../lib/gcc/nios2-elf/5.3.0/../../../../../H-x86_64-mingw32/nios2-elf/lib/mno-hw-mul\libsmallc.a(lib_a-strlen.o)
 .debug_loc     0x000000000000020e      0x954 c:/intelfpga_lite/18.1/nios2eds/bin/gnu/h-x86_64-mingw32/bin/../lib/gcc/nios2-elf/5.3.0/../../../../../H-x86_64-mingw32/nios2-elf/lib/mno-hw-mul\libsmallc.a(lib_a-vfprintf.o)
 .debug_loc     0x0000000000000b62      0x110 c:/intelfpga_lite/18.1/nios2eds/bin/gnu/h-x86_64-mingw32/bin/../lib/gcc/nios2-elf/5.3.0/../../../../../H-x86_64-mingw32/nios2-elf/lib/mno-hw-mul\libsmallc.a(lib_a-fvwrite_small_dev.o)
 .debug_loc     0x0000000000000c72       0xa5 c:/intelfpga_lite/18.1/nios2eds/bin/gnu/h-x86_64-mingw32/bin/../lib/gcc/nios2-elf/5.3.0/../../../../../H-x86_64-mingw32/nios2-elf/lib/mno-hw-mul\libsmallc.a(lib_a-writer.o)
 .debug_loc     0x0000000000000d17      0x4ce c:/intelfpga_lite/18.1/nios2eds/bin/gnu/h-x86_64-mingw32/bin/../lib/gcc/nios2-elf/5.3.0/mno-hw-mul\libgcc.a(lib2-divmod.o)
 .debug_loc     0x00000000000011e5       0x1e c:/intelfpga_lite/18.1/nios2eds/bin/gnu/h-x86_64-mingw32/bin/../lib/gcc/nios2-elf/5.3.0/../../../../../H-x86_64-mingw32/nios2-elf/lib/mno-hw-mul\libsmallc.a(lib_a-exit.o)
 .debug_loc     0x0000000000001203       0x94 c:/intelfpga_lite/18.1/nios2eds/bin/gnu/h-x86_64-mingw32/bin/../lib/gcc/nios2-elf/5.3.0/../../../../../H-x86_64-mingw32/nios2-elf/lib/mno-hw-mul\libsmallc.a(lib_a-memcmp.o)
 .debug_loc     0x0000000000001297      0x135 c:/intelfpga_lite/18.1/nios2eds/bin/gnu/h-x86_64-mingw32/bin/../lib/gcc/nios2-elf/5.3.0/../../../../../H-x86_64-mingw32/nios2-elf/lib/mno-hw-mul\libsmallc.a(lib_a-memcpy.o)
 .debug_loc     0x00000000000013cc      0x157 c:/intelfpga_lite/18.1/nios2eds/bin/gnu/h-x86_64-mingw32/bin/../lib/gcc/nios2-elf/5.3.0/../../../../../H-x86_64-mingw32/nios2-elf/lib/mno-hw-mul\libsmallc.a(lib_a-__call_atexit.o)

.debug_macinfo
 *(.debug_macinfo)

.debug_weaknames
 *(.debug_weaknames)

.debug_funcnames
 *(.debug_funcnames)

.debug_typenames
 *(.debug_typenames)

.debug_varnames
 *(.debug_varnames)

.debug_alt_sim_info
                0x0000000000000000       0x40
 *(.debug_alt_sim_info)
 .debug_alt_sim_info
                0x0000000000000000       0x10 ../DroneSoftware_bsp//obj/HAL/src/crt0.o
 .debug_alt_sim_info
                0x0000000000000010       0x30 ../DroneSoftware_bsp/\libhal_bsp.a(alt_busy_sleep.o)
                0x0000000000010000                __alt_data_end = 0x10000
                0x0000000000010000                PROVIDE (__alt_stack_pointer, __alt_data_end)
                [!provide]                        PROVIDE (__alt_stack_limit, __alt_stack_base)
                [!provide]                        PROVIDE (__alt_heap_start, end)